$VAR1 = [
          {
            'cifversion' => {
                              'major' => 1,
                              'minor' => 1
                            },
            'inloop' => {
                          '_integer' => 2,
                          '_real' => 1,
                          '_string' => 0
                        },
            'loops' => [
                         [
                           '_string'
                         ],
                         [
                           '_real'
                         ],
                         [
                           '_integer'
                         ]
                       ],
            'name' => 'numbers-and-strings',
            'precisions' => {
                              '_integer' => [
                                              undef
                                            ],
                              '_real' => [
                                           undef,
                                           '10',
                                           undef,
                                           undef,
                                           undef,
                                           undef,
                                           '1130',
                                           '113',
                                           '1130',
                                           '113',
                                           undef,
                                           undef,
                                           undef,
                                           undef,
                                           undef,
                                           '5',
                                           '0.5'
                                         ]
                            },
            'save_blocks' => [],
            'tags' => [
                        '_string',
                        '_real',
                        '_integer'
                      ],
            'types' => {
                         '_integer' => [
                                         'INT'
                                       ],
                         '_real' => [
                                      'FLOAT',
                                      'FLOAT',
                                      'FLOAT',
                                      'FLOAT',
                                      'FLOAT',
                                      'FLOAT',
                                      'FLOAT',
                                      'FLOAT',
                                      'FLOAT',
                                      'FLOAT',
                                      'FLOAT',
                                      'FLOAT',
                                      'FLOAT',
                                      'FLOAT',
                                      'FLOAT',
                                      'FLOAT',
                                      'FLOAT'
                                    ],
                         '_string' => [
                                        'UQSTRING',
                                        'UQSTRING',
                                        'UQSTRING',
                                        'UQSTRING',
                                        'UQSTRING',
                                        'UQSTRING',
                                        'UQSTRING',
                                        'UQSTRING',
                                        'UQSTRING',
                                        'UQSTRING',
                                        'UQSTRING',
                                        'UQSTRING',
                                        'UQSTRING',
                                        'UQSTRING',
                                        'UQSTRING',
                                        'UQSTRING',
                                        'UQSTRING',
                                        'UQSTRING',
                                        'UQSTRING',
                                        'UQSTRING',
                                        'UQSTRING',
                                        'UQSTRING',
                                        'UQSTRING',
                                        'UQSTRING',
                                        'UQSTRING',
                                        'UQSTRING',
                                        'UQSTRING',
                                        'UQSTRING',
                                        'UQSTRING',
                                        'UQSTRING',
                                        'UQSTRING',
                                        'UQSTRING',
                                        'SQSTRING',
                                        'DQSTRING',
                                        'UQSTRING',
                                        'UQSTRING',
                                        'UQSTRING',
                                        'UQSTRING'
                                      ]
                       },
            'values' => {
                          '_integer' => [
                                          '+10000000'
                                        ],
                          '_real' => [
                                       '1E1',
                                       '1E1(1)',
                                       '1.E1',
                                       '.1E1',
                                       '+1.E1',
                                       '-.1E1',
                                       '1.E1(113)',
                                       '.1E1(113)',
                                       '+1.E1(113)',
                                       '-.1E1(113)',
                                       '-.0',
                                       '+.0',
                                       '-1.',
                                       '+10000000.',
                                       '1000000000.E1000000000',
                                       '6.(5)',
                                       '.6(5)'
                                     ],
                          '_string' => [
                                         '++1.23E-12(3)',
                                         '--11.1',
                                         '11.1A',
                                         '1A.X',
                                         '1.23E+++',
                                         '1,123(23)',
                                         '1...0',
                                         '.123.E12',
                                         '1.234E12(1.2)',
                                         '1.234D12((12)))',
                                         '1.234D12((12))',
                                         '1.234D12(+-12)',
                                         '+++',
                                         '---',
                                         '.',
                                         '...',
                                         '+',
                                         '+1E',
                                         '+1EE1',
                                         '--1E1',
                                         '-1-E1',
                                         '1.1E12(-1)',
                                         '?',
                                         'AAA',
                                         '(12)',
                                         '-.',
                                         '+.',
                                         '.E1',
                                         '-.E1',
                                         '+.E2',
                                         '-.1E(1)',
                                         '+2.2E(2)',
                                         '1.1',
                                         '2.34E4(3)',
                                         '61()',
                                         '6.1()',
                                         '.1()',
                                         '.(5)'
                                       ]
                        }
          }
        ];
