scripts/cif2cod: tests/cases/cif2cod_053.inp data_test: WARNING, data item '_chemical_formula_sum' is absent.
scripts/cif2cod: tests/cases/cif2cod_053.inp data_test: WARNING, data item '_journal_name_full' is absent.
scripts/cif2cod: tests/cases/cif2cod_053.inp data_test: WARNING, data item '_journal_year' is absent.
scripts/cif2cod: tests/cases/cif2cod_053.inp data_test: WARNING, data item '_journal_volume' is absent.
scripts/cif2cod: tests/cases/cif2cod_053.inp data_test: WARNING, data item '_journal_page_first' is absent.
scripts/cif2cod: tests/cases/cif2cod_053.inp data_test: WARNING, no Hermann-Mauguin space group symbol found.
scripts/cif2cod: tests/cases/cif2cod_053.inp data_test: WARNING, no Hall space group symbol found.
scripts/cif2cod: tests/cases/cif2cod_053.inp data_test: WARNING, at least one of the lattice parameters has an undefined value -- cell volume could not be calculated.
scripts/cif2cod: tests/cases/cif2cod_053.inp data_test: WARNING, data item '_cell_formula_units_Z' was not found -- the Z value will be estimated.
scripts/cif2cod: tests/cases/cif2cod_053.inp data_test: WARNING, not enough data to estimate Z; cell volume undefined; crystal density undefined; molecular weight undefined -- assuming Z = 1.
scripts/cif2cod: tests/cases/cif2cod_053.inp data_test: WARNING, summary formula could not be calculated -- cell length data item '_cell_length_b' was not found.
scripts/cif2cod: tests/cases/cif2cod_053.inp data_test: WARNING, unit cell summary formula could not be calculated -- cell length data item '_cell_length_b' was not found.
"test";"10";NULL;NULL;NULL;NULL;NULL;NULL;NULL;NULL;NULL;NULL;NULL;NULL;NULL;NULL;NULL;NULL;NULL;NULL;NULL;NULL;NULL;NULL;NULL;NULL;"0";NULL;NULL;NULL;NULL;NULL;"?";NULL;NULL;NULL;NULL;NULL;NULL;"\";\"";NULL;NULL;NULL;NULL;NULL;NULL;NULL;NULL;NULL;NULL;NULL;NULL;NULL;NULL;NULL;NULL;NULL;NULL;NULL;NULL;NULL;NULL;NULL;NULL;NULL;NULL;NULL;"";"\n\";\"\n\n\n()\n";NULL
