scripts/cif2cod: tests/cases/cif2cod_049.inp data_multiline_names: WARNING, data item '_chemical_formula_sum' is absent.
scripts/cif2cod: tests/cases/cif2cod_049.inp data_multiline_names: WARNING, data item '_publ_section_title' is absent.
scripts/cif2cod: tests/cases/cif2cod_049.inp data_multiline_names: WARNING, data item '_journal_name_full' is absent.
scripts/cif2cod: tests/cases/cif2cod_049.inp data_multiline_names: WARNING, data item '_journal_year' is absent.
scripts/cif2cod: tests/cases/cif2cod_049.inp data_multiline_names: WARNING, data item '_journal_volume' is absent.
scripts/cif2cod: tests/cases/cif2cod_049.inp data_multiline_names: WARNING, data item '_journal_page_first' is absent.
scripts/cif2cod: tests/cases/cif2cod_049.inp data_multiline_names: WARNING, no space group information found.
scripts/cif2cod: tests/cases/cif2cod_049.inp data_multiline_names: WARNING, no Hall space group symbol found.
scripts/cif2cod: tests/cases/cif2cod_049.inp data_multiline_names: WARNING, at least one of the lattice parameters has an undefined value -- cell volume could not be calculated.
scripts/cif2cod: tests/cases/cif2cod_049.inp data_multiline_names: WARNING, summary formula could not be calculated -- cell length data item '_cell_length_a' not present.
scripts/cif2cod: tests/cases/cif2cod_049.inp data_multiline_names: WARNING, unit cell summary formula could not be calculated -- cell length data item '_cell_length_a' not present.
authors Name Surname; von Surname, Name; John Multiline; Sara Prefix Newline
