6
10000001 LATTICE:        7.180000        0.000000        0.000000       -3.547689        6.402836        0.000000       -1.875486       -1.330684        6.896719
Re       -1.546259        1.408347        3.386289 
Re        1.503903        1.249357        3.413876 
Te        0.038163        2.186400        1.344860 
Te        3.525940        1.819434        1.620729 
Te       -0.127259       -0.276981        4.986328 
Te        3.627856       -0.041234        4.793220 
