scripts/cif2cod: tests/cases/cif2cod_050.inp data_non_numeric_Z: WARNING, the _cell_formula_units_Z data item value 'unknown' is not a natural number -- the Z value will be estimated.
scripts/cif2cod: tests/cases/cif2cod_050.inp data_non_numeric_Z: WARNING, not enough data to estimate Z; crystal density undefined; molecular weight undefined -- assuming Z = 1.
file;a;siga;b;sigb;c;sigc;alpha;sigalpha;beta;sigbeta;gamma;siggamma;vol;sigvol;celltemp;sigcelltemp;diffrtemp;sigdiffrtemp;cellpressure;sigcellpressure;diffrpressure;sigdiffrpressure;thermalhist;pressurehist;compoundsource;nel;sg;sgHall;commonname;chemname;mineral;formula;calcformula;cellformula;Z;Zprime;acce_code;authors;title;journal;year;volume;issue;firstpage;lastpage;doi;method;radiation;wavelength;radType;radSymbol;Rall;Robs;Rref;wRall;wRobs;wRref;RFsqd;RI;gofall;gofobs;gofgt;duplicateof;optimal;status;flags;text;onhold
"non_numeric_Z";"1";NULL;"1";NULL;"1";NULL;"90";NULL;"90";NULL;"90";NULL;"1.00";NULL;NULL;NULL;NULL;NULL;NULL;NULL;NULL;NULL;NULL;NULL;NULL;"1";"P 1";"P 1";NULL;NULL;NULL;"- H -";"- H -";"- H -";NULL;NULL;NULL;NULL;"Non-numeric Z value";"cod-tools test suite";"2018";"1";NULL;"2";NULL;NULL;NULL;NULL;NULL;NULL;NULL;NULL;NULL;NULL;NULL;NULL;NULL;NULL;NULL;NULL;NULL;NULL;NULL;NULL;NULL;"has coordinates";"\nNon-numeric Z value\ncod-tools test suite\n1\n(2018)\n2";NULL
