scripts/cif_cod_check: tests/cases/cif_cod_check_054.inp data_2: WARNING, unit cell '5.1 5.0 4.9 90.1 90.2 90.4' does not satisfy constraints '$a == $b &amp;&amp; $b == $c &amp;&amp; $alpha == 90 &amp;&amp; $beta == 90 &amp;&amp; $gamma == 90'.
scripts/cif_cod_check: tests/cases/cif_cod_check_054.inp: NOTE, 1 WARNING(s) encountered.
