scripts/cif_ddlm_dic_check: tests/cases/cif_ddlm_dic_check_033.inp data_TEST_DIFFERING_SU_UNITS_DIC save_test_differing_su_units.measurand_su: WARNING, the '_units.code' attribute value does not match the value specified in the definition of the linked data item '_test_differing_su_units.measurand' ('kilovolts' vs. 'kilowatts') -- standard uncertainty data items should have the same units of measurement as the associated measurand data items.
