scripts/cif_filter: tests/cases/cif_filter_087.inp data_values_as_keywords: WARNING, data name '_tag1' is not recognised.
scripts/cif_filter: tests/cases/cif_filter_087.inp data_values_as_keywords: WARNING, data name '_tag2' is not recognised.
scripts/cif_filter: tests/cases/cif_filter_087.inp data_values_as_keywords: WARNING, data name '_tag3' is not recognised.
scripts/cif_filter: tests/cases/cif_filter_087.inp data_values_as_keywords: WARNING, data name '_tag4' is not recognised.
data_values_as_keywords
#BEGIN Tags that were not found in dictionaries:
_tag1                            'data_value'
_tag2                            'loop_value'
_tag3                            'save_value'
_tag4                            'global_value'
#END Tags that were not found in dictionaries
loop_
_atom_site_label
_atom_site_fract_x
_atom_site_fract_y
_atom_site_fract_z
C 0 0 0
