scripts/cif_hkl_COD_number: missing-file: ERROR, could not open extra tag list file for reading -- no such file or directory.
scripts/cif_hkl_COD_number: missing-file: ERROR, 1 ERROR(s) encountered -- die on ERROR(s) requested.
