scripts/cif_ddlm_dic_check: tests/cases/cif_ddlm_dic_check_036.inp data_DEFINITION_REPLACED_BY_DIC save_invalid_definition_replaced_by.dot: WARNING, attribute '_definition_replaced.by' references the '.' data item that is not defined in the given dictionary.
scripts/cif_ddlm_dic_check: tests/cases/cif_ddlm_dic_check_036.inp data_DEFINITION_REPLACED_BY_DIC save_invalid_definition_replaced_by.self_reference: WARNING, definition references itself using the '_definition_replaced.by' attribute.
scripts/cif_ddlm_dic_check: tests/cases/cif_ddlm_dic_check_036.inp data_DEFINITION_REPLACED_BY_DIC save_invalid_definition_replaced_by.multiple_undefined_refs: WARNING, attribute '_definition_replaced.by' references the '_invalid_definition_replaced_by.undefined_1' data item that is not defined in the given dictionary.
scripts/cif_ddlm_dic_check: tests/cases/cif_ddlm_dic_check_036.inp data_DEFINITION_REPLACED_BY_DIC save_invalid_definition_replaced_by.multiple_undefined_refs: WARNING, attribute '_definition_replaced.by' references the '_invalid_definition_replaced_by.undefined_2' data item that is not defined in the given dictionary.
scripts/cif_ddlm_dic_check: tests/cases/cif_ddlm_dic_check_036.inp data_DEFINITION_REPLACED_BY_DIC save_INVALID_DEFINITION_REPLACED_BY_IN_CATEGORY: WARNING, attribute '_definition_replaced.by' references the '_invalid_reference_item' data item that is not defined in the given dictionary.
