# _journal_year	_journal_volume	_journal_page_first	_journal_name_full
tests/inputs/1000000.cif	global	?	?	?	?
tests/inputs/1000000.cif	C5H17AlN2O8P2	?	?	?	?
tests/inputs/1001031.cif	1001031	1977	38	128	Journal_de_Physique_(Paris),_Colloque.
tests/inputs/1004001.cif	d5	2001	40	2666	_Inorganic_Chemistry
tests/inputs/1008954.cif	1008954	1987	129	133	Journal_of_the_Less-Common_Metals
tests/inputs/1100893.cif	1100893	?	?	?	?
tests/inputs/1101133.cif	1101133	1995	14	611	Polyhedron
tests/inputs/2000334.cif	2000334	1991	47	880	Acta_Cryst._C
tests/inputs/2001826.cif	2001826	1993	C49	820	Acta_Crystallographica,_Section_C
tests/inputs/2006132.cif	2006132	1997	C53	597	Acta_Crystallographica
tests/inputs/2006596.cif	2006596	1997	53	1405	Acta_Crystallographica_Section_C
tests/inputs/2007325.cif	2007325	1998	54	840	Acta_Crystallographica_Section_C
tests/inputs/2009397.cif	2009397	1994	C50	129	Acta_Crystallographica
tests/inputs/2103700.cif	2103700	2001	57	507	Acta_Crystallographica_Section_B
tests/inputs/2103867.cif	2103867	2003	59	182	Acta_Crystallographica_Section_B
tests/inputs/2103956.cif	2103956	2003	59	557	Acta_Crystallographica_Section_B
tests/inputs/2200639.cif	2200639	2001	57	m496	Acta_Crystallographica,_Section_E
tests/inputs/2201319.cif	2201319	2002	58	m686	Acta_Crystallographica,_Section_E
tests/inputs/2204100.cif	2204100	2004	60	o1369	Acta_Crystallographica,_Section_E
tests/inputs/2204368.cif	2204368	2004	60	m1465	Acta_Crystallographica,_Section_E
tests/inputs/2205750.cif	2205750	2005	61	o1221	Acta_Crystallographica,_Section_E
tests/inputs/7000063.cif	7000063	2005	?	?	Dalton_Trans.
tests/inputs/7101147.cif	7101147	2005	?	?	Chemical_Communications
tests/inputs/8000008.cif	8000008	2005	34	362	Chemistry_Letters
