data_2000135_molecule_0
loop_
_publ_author_name
'Patarin, J.'
'Marler, B.'
'Huve, L.'
_publ_section_title
;
 Synthesis and structure of Zn(H2PO4)(2)(HPO4).H2N2C6H12
;
_journal_issue                   10
_journal_name_full
'European Journal of Solid State and Inorganic Chemistry'
_journal_page_first              909
_journal_page_last               920
_journal_volume                  31
_journal_year                    1994
_[local]_cod_src_chemical_formula_sum 'C6 H19 N2 O12 P3 Zn'
_cell_angle_alpha                90
_cell_angle_beta                 90
_cell_angle_gamma                90
_cell_length_a                   9.777(2)
_cell_length_b                   10.640(2)
_cell_length_c                   15.384(3)
_diffrn_ambient_temperature      ?
_[local]_cod_src_refine_ls_R_factor_gt 0.06
_[local]_cod_src_refine_ls_wR_factor_gt 0.06
_audit_creation_method
'Id: <script_name> <revision_nr> <date> <time> <author>'
_chemical_formula_sum            'O24 P6 Zn2'
_cod_data_source_file            cif_molecule_086.inp
_cod_data_source_block           2000135
_cell_formula_units_Z            1
_space_group_name_H-M_alt        'P 1'
_cod_molecule_space_group_IT_number 19
_cod_molecule_is_polymer         yes
_cod_molecule_polymer_dimension  1
_cod_molecule_polymer_basis      1;0;0
loop_
_space_group_symop_operation_xyz
'x, y, z'
loop_
_atom_site_label
_atom_site_type_symbol
_atom_site_fract_x
_atom_site_fract_y
_atom_site_fract_z
_atom_site_attached_hydrogens
_atom_site_calc_flag
O1 O 0.255100 0.274700 0.989200 ? d
O2 O 0.306400 0.200000 0.655600 ? d
O3 O 0.170300 0.214700 0.794300 ? d
O4 O 0.921200 0.640500 0.923000 ? d
O5 O 0.385900 0.344200 0.771300 ? d
O6 O 0.391400 0.448800 0.922400 ? d
O9 O 0.788200 0.453500 0.960800 ? d
P1 P 0.258700 0.288000 0.731800 0 d
P3 P 0.936100 0.505400 0.951200 0 d
O11 O 0.163600 0.390500 0.689700 ? d
O12 O 0.020400 0.428600 0.889300 ? d
Zn1 Zn 0.101700 0.264600 0.907000 0 d
O1_1_155 O -3.744900 0.274700 0.989200 ? d
O1_1_255 O -2.744900 0.274700 0.989200 ? d
O1_1_355 O -1.744900 0.274700 0.989200 ? d
O1_1_455 O -0.744900 0.274700 0.989200 ? d
O1_1_655 O 1.255100 0.274700 0.989200 ? d
O1_1_755 O 2.255100 0.274700 0.989200 ? d
O1_1_855 O 3.255100 0.274700 0.989200 ? d
O1_1_955 O 4.255100 0.274700 0.989200 ? d
O1_3_156 O -3.244900 0.225300 1.010800 ? d
O1_3_256 O -2.244900 0.225300 1.010800 ? d
O1_3_356 O -1.244900 0.225300 1.010800 ? d
O1_3_456 O -0.244900 0.225300 1.010800 ? d
O1_3_556 O 0.755100 0.225300 1.010800 ? d
O1_3_656 O 1.755100 0.225300 1.010800 ? d
O1_3_756 O 2.755100 0.225300 1.010800 ? d
O1_3_856 O 3.755100 0.225300 1.010800 ? d
O1_3_956 O 4.755100 0.225300 1.010800 ? d
O2_1_155 O -3.693600 0.200000 0.655600 ? d
O2_1_255 O -2.693600 0.200000 0.655600 ? d
O2_1_355 O -1.693600 0.200000 0.655600 ? d
O2_1_455 O -0.693600 0.200000 0.655600 ? d
O2_1_655 O 1.306400 0.200000 0.655600 ? d
O2_1_755 O 2.306400 0.200000 0.655600 ? d
O2_1_855 O 3.306400 0.200000 0.655600 ? d
O2_1_955 O 4.306400 0.200000 0.655600 ? d
O2_3_156 O -3.193600 0.300000 1.344400 ? d
O2_3_256 O -2.193600 0.300000 1.344400 ? d
O2_3_356 O -1.193600 0.300000 1.344400 ? d
O2_3_456 O -0.193600 0.300000 1.344400 ? d
O2_3_556 O 0.806400 0.300000 1.344400 ? d
O2_3_656 O 1.806400 0.300000 1.344400 ? d
O2_3_756 O 2.806400 0.300000 1.344400 ? d
O2_3_856 O 3.806400 0.300000 1.344400 ? d
O2_3_956 O 4.806400 0.300000 1.344400 ? d
O3_1_155 O -3.829700 0.214700 0.794300 ? d
O3_1_255 O -2.829700 0.214700 0.794300 ? d
O3_1_355 O -1.829700 0.214700 0.794300 ? d
O3_1_455 O -0.829700 0.214700 0.794300 ? d
O3_1_655 O 1.170300 0.214700 0.794300 ? d
O3_1_755 O 2.170300 0.214700 0.794300 ? d
O3_1_855 O 3.170300 0.214700 0.794300 ? d
O3_1_955 O 4.170300 0.214700 0.794300 ? d
O3_3_156 O -3.329700 0.285300 1.205700 ? d
O3_3_256 O -2.329700 0.285300 1.205700 ? d
O3_3_356 O -1.329700 0.285300 1.205700 ? d
O3_3_456 O -0.329700 0.285300 1.205700 ? d
O3_3_556 O 0.670300 0.285300 1.205700 ? d
O3_3_656 O 1.670300 0.285300 1.205700 ? d
O3_3_756 O 2.670300 0.285300 1.205700 ? d
O3_3_856 O 3.670300 0.285300 1.205700 ? d
O3_3_956 O 4.670300 0.285300 1.205700 ? d
O4_1_155 O -3.078800 0.640500 0.923000 ? d
O4_1_255 O -2.078800 0.640500 0.923000 ? d
O4_1_355 O -1.078800 0.640500 0.923000 ? d
O4_1_455 O -0.078800 0.640500 0.923000 ? d
O4_1_655 O 1.921200 0.640500 0.923000 ? d
O4_1_755 O 2.921200 0.640500 0.923000 ? d
O4_1_855 O 3.921200 0.640500 0.923000 ? d
O4_3_146 O -3.578800 -0.140500 1.077000 ? d
O4_3_246 O -2.578800 -0.140500 1.077000 ? d
O4_3_346 O -1.578800 -0.140500 1.077000 ? d
O4_3_446 O -0.578800 -0.140500 1.077000 ? d
O4_3_546 O 0.421200 -0.140500 1.077000 ? d
O4_3_646 O 1.421200 -0.140500 1.077000 ? d
O4_3_746 O 2.421200 -0.140500 1.077000 ? d
O4_3_846 O 3.421200 -0.140500 1.077000 ? d
O4_3_946 O 4.421200 -0.140500 1.077000 ? d
O5_1_155 O -3.614100 0.344200 0.771300 ? d
O5_1_255 O -2.614100 0.344200 0.771300 ? d
O5_1_355 O -1.614100 0.344200 0.771300 ? d
O5_1_455 O -0.614100 0.344200 0.771300 ? d
O5_1_655 O 1.385900 0.344200 0.771300 ? d
O5_1_755 O 2.385900 0.344200 0.771300 ? d
O5_1_855 O 3.385900 0.344200 0.771300 ? d
O5_1_955 O 4.385900 0.344200 0.771300 ? d
O5_3_156 O -3.114100 0.155800 1.228700 ? d
O5_3_256 O -2.114100 0.155800 1.228700 ? d
O5_3_356 O -1.114100 0.155800 1.228700 ? d
O5_3_456 O -0.114100 0.155800 1.228700 ? d
O5_3_556 O 0.885900 0.155800 1.228700 ? d
O5_3_656 O 1.885900 0.155800 1.228700 ? d
O5_3_756 O 2.885900 0.155800 1.228700 ? d
O5_3_856 O 3.885900 0.155800 1.228700 ? d
O5_3_956 O 4.885900 0.155800 1.228700 ? d
O6_1_155 O -3.608600 0.448800 0.922400 ? d
O6_1_255 O -2.608600 0.448800 0.922400 ? d
O6_1_355 O -1.608600 0.448800 0.922400 ? d
O6_1_455 O -0.608600 0.448800 0.922400 ? d
O6_1_655 O 1.391400 0.448800 0.922400 ? d
O6_1_755 O 2.391400 0.448800 0.922400 ? d
O6_1_855 O 3.391400 0.448800 0.922400 ? d
O6_1_955 O 4.391400 0.448800 0.922400 ? d
O6_3_156 O -3.108600 0.051200 1.077600 ? d
O6_3_256 O -2.108600 0.051200 1.077600 ? d
O6_3_356 O -1.108600 0.051200 1.077600 ? d
O6_3_456 O -0.108600 0.051200 1.077600 ? d
O6_3_556 O 0.891400 0.051200 1.077600 ? d
O6_3_656 O 1.891400 0.051200 1.077600 ? d
O6_3_756 O 2.891400 0.051200 1.077600 ? d
O6_3_856 O 3.891400 0.051200 1.077600 ? d
O6_3_956 O 4.891400 0.051200 1.077600 ? d
O7_1_156 O -3.742700 0.489100 1.056800 ? d
O7_1_256 O -2.742700 0.489100 1.056800 ? d
O7_1_356 O -1.742700 0.489100 1.056800 ? d
O7_1_456 O -0.742700 0.489100 1.056800 ? d
O7_1_556 O 0.257300 0.489100 1.056800 ? d
O7_1_656 O 1.257300 0.489100 1.056800 ? d
O7_1_756 O 2.257300 0.489100 1.056800 ? d
O7_1_856 O 3.257300 0.489100 1.056800 ? d
O7_1_956 O 4.257300 0.489100 1.056800 ? d
O7_3_155 O -3.242700 0.010900 0.943200 ? d
O7_3_255 O -2.242700 0.010900 0.943200 ? d
O7_3_355 O -1.242700 0.010900 0.943200 ? d
O7_3_455 O -0.242700 0.010900 0.943200 ? d
O7_3_555 O 0.757300 0.010900 0.943200 ? d
O7_3_655 O 1.757300 0.010900 0.943200 ? d
O7_3_755 O 2.757300 0.010900 0.943200 ? d
O7_3_855 O 3.757300 0.010900 0.943200 ? d
O7_3_955 O 4.757300 0.010900 0.943200 ? d
O8_1_156 O -3.999300 0.493800 1.044100 ? d
O8_1_256 O -2.999300 0.493800 1.044100 ? d
O8_1_356 O -1.999300 0.493800 1.044100 ? d
O8_1_456 O -0.999300 0.493800 1.044100 ? d
O8_1_556 O 0.000700 0.493800 1.044100 ? d
O8_1_656 O 1.000700 0.493800 1.044100 ? d
O8_1_756 O 2.000700 0.493800 1.044100 ? d
O8_1_856 O 3.000700 0.493800 1.044100 ? d
O8_1_956 O 4.000700 0.493800 1.044100 ? d
O8_3_155 O -3.499300 0.006200 0.955900 ? d
O8_3_255 O -2.499300 0.006200 0.955900 ? d
O8_3_355 O -1.499300 0.006200 0.955900 ? d
O8_3_455 O -0.499300 0.006200 0.955900 ? d
O8_3_555 O 0.500700 0.006200 0.955900 ? d
O8_3_655 O 1.500700 0.006200 0.955900 ? d
O8_3_755 O 2.500700 0.006200 0.955900 ? d
O8_3_855 O 3.500700 0.006200 0.955900 ? d
O8_3_955 O 4.500700 0.006200 0.955900 ? d
O9_1_155 O -3.211800 0.453500 0.960800 ? d
O9_1_255 O -2.211800 0.453500 0.960800 ? d
O9_1_355 O -1.211800 0.453500 0.960800 ? d
O9_1_455 O -0.211800 0.453500 0.960800 ? d
O9_1_655 O 1.788200 0.453500 0.960800 ? d
O9_1_755 O 2.788200 0.453500 0.960800 ? d
O9_1_855 O 3.788200 0.453500 0.960800 ? d
O9_3_156 O -3.711800 0.046500 1.039200 ? d
O9_3_256 O -2.711800 0.046500 1.039200 ? d
O9_3_356 O -1.711800 0.046500 1.039200 ? d
O9_3_456 O -0.711800 0.046500 1.039200 ? d
O9_3_556 O 0.288200 0.046500 1.039200 ? d
O9_3_656 O 1.288200 0.046500 1.039200 ? d
O9_3_756 O 2.288200 0.046500 1.039200 ? d
O9_3_856 O 3.288200 0.046500 1.039200 ? d
O9_3_956 O 4.288200 0.046500 1.039200 ? d
P1_1_155 P -3.741300 0.288000 0.731800 0 d
P1_1_255 P -2.741300 0.288000 0.731800 0 d
P1_1_355 P -1.741300 0.288000 0.731800 0 d
P1_1_455 P -0.741300 0.288000 0.731800 0 d
P1_1_655 P 1.258700 0.288000 0.731800 0 d
P1_1_755 P 2.258700 0.288000 0.731800 0 d
P1_1_855 P 3.258700 0.288000 0.731800 0 d
P1_1_955 P 4.258700 0.288000 0.731800 0 d
P1_3_156 P -3.241300 0.212000 1.268200 0 d
P1_3_256 P -2.241300 0.212000 1.268200 0 d
P1_3_356 P -1.241300 0.212000 1.268200 0 d
P1_3_456 P -0.241300 0.212000 1.268200 0 d
P1_3_556 P 0.758700 0.212000 1.268200 0 d
P1_3_656 P 1.758700 0.212000 1.268200 0 d
P1_3_756 P 2.758700 0.212000 1.268200 0 d
P1_3_856 P 3.758700 0.212000 1.268200 0 d
P1_3_956 P 4.758700 0.212000 1.268200 0 d
P2_1_156 P -3.658000 0.389400 1.010800 0 d
P2_1_256 P -2.658000 0.389400 1.010800 0 d
P2_1_356 P -1.658000 0.389400 1.010800 0 d
P2_1_456 P -0.658000 0.389400 1.010800 0 d
P2_1_556 P 0.342000 0.389400 1.010800 0 d
P2_1_656 P 1.342000 0.389400 1.010800 0 d
P2_1_756 P 2.342000 0.389400 1.010800 0 d
P2_1_856 P 3.342000 0.389400 1.010800 0 d
P2_1_956 P 4.342000 0.389400 1.010800 0 d
P2_3_155 P -3.158000 0.110600 0.989200 0 d
P2_3_255 P -2.158000 0.110600 0.989200 0 d
P2_3_355 P -1.158000 0.110600 0.989200 0 d
P2_3_455 P -0.158000 0.110600 0.989200 0 d
P2_3_555 P 0.842000 0.110600 0.989200 0 d
P2_3_655 P 1.842000 0.110600 0.989200 0 d
P2_3_755 P 2.842000 0.110600 0.989200 0 d
P2_3_855 P 3.842000 0.110600 0.989200 0 d
P2_3_955 P 4.842000 0.110600 0.989200 0 d
P3_1_155 P -3.063900 0.505400 0.951200 0 d
P3_1_255 P -2.063900 0.505400 0.951200 0 d
P3_1_355 P -1.063900 0.505400 0.951200 0 d
P3_1_455 P -0.063900 0.505400 0.951200 0 d
P3_1_655 P 1.936100 0.505400 0.951200 0 d
P3_1_755 P 2.936100 0.505400 0.951200 0 d
P3_1_855 P 3.936100 0.505400 0.951200 0 d
P3_3_146 P -3.563900 -0.005400 1.048800 0 d
P3_3_246 P -2.563900 -0.005400 1.048800 0 d
P3_3_346 P -1.563900 -0.005400 1.048800 0 d
P3_3_446 P -0.563900 -0.005400 1.048800 0 d
P3_3_546 P 0.436100 -0.005400 1.048800 0 d
P3_3_646 P 1.436100 -0.005400 1.048800 0 d
P3_3_746 P 2.436100 -0.005400 1.048800 0 d
P3_3_846 P 3.436100 -0.005400 1.048800 0 d
P3_3_946 P 4.436100 -0.005400 1.048800 0 d
O10_1_156 O -3.536400 0.355000 1.065200 ? d
O10_1_256 O -2.536400 0.355000 1.065200 ? d
O10_1_356 O -1.536400 0.355000 1.065200 ? d
O10_1_456 O -0.536400 0.355000 1.065200 ? d
O10_1_556 O 0.463600 0.355000 1.065200 ? d
O10_1_656 O 1.463600 0.355000 1.065200 ? d
O10_1_756 O 2.463600 0.355000 1.065200 ? d
O10_1_856 O 3.463600 0.355000 1.065200 ? d
O10_1_956 O 4.463600 0.355000 1.065200 ? d
O10_3_155 O -3.036400 0.145000 0.934800 ? d
O10_3_255 O -2.036400 0.145000 0.934800 ? d
O10_3_355 O -1.036400 0.145000 0.934800 ? d
O10_3_455 O -0.036400 0.145000 0.934800 ? d
O10_3_555 O 0.963600 0.145000 0.934800 ? d
O10_3_655 O 1.963600 0.145000 0.934800 ? d
O10_3_755 O 2.963600 0.145000 0.934800 ? d
O10_3_855 O 3.963600 0.145000 0.934800 ? d
O10_3_955 O 4.963600 0.145000 0.934800 ? d
O11_1_155 O -3.836400 0.390500 0.689700 ? d
O11_1_255 O -2.836400 0.390500 0.689700 ? d
O11_1_355 O -1.836400 0.390500 0.689700 ? d
O11_1_455 O -0.836400 0.390500 0.689700 ? d
O11_1_655 O 1.163600 0.390500 0.689700 ? d
O11_1_755 O 2.163600 0.390500 0.689700 ? d
O11_1_855 O 3.163600 0.390500 0.689700 ? d
O11_1_955 O 4.163600 0.390500 0.689700 ? d
O11_3_156 O -3.336400 0.109500 1.310300 ? d
O11_3_256 O -2.336400 0.109500 1.310300 ? d
O11_3_356 O -1.336400 0.109500 1.310300 ? d
O11_3_456 O -0.336400 0.109500 1.310300 ? d
O11_3_556 O 0.663600 0.109500 1.310300 ? d
O11_3_656 O 1.663600 0.109500 1.310300 ? d
O11_3_756 O 2.663600 0.109500 1.310300 ? d
O11_3_856 O 3.663600 0.109500 1.310300 ? d
O11_3_956 O 4.663600 0.109500 1.310300 ? d
O12_1_155 O -3.979600 0.428600 0.889300 ? d
O12_1_255 O -2.979600 0.428600 0.889300 ? d
O12_1_355 O -1.979600 0.428600 0.889300 ? d
O12_1_455 O -0.979600 0.428600 0.889300 ? d
O12_1_655 O 1.020400 0.428600 0.889300 ? d
O12_1_755 O 2.020400 0.428600 0.889300 ? d
O12_1_855 O 3.020400 0.428600 0.889300 ? d
O12_1_955 O 4.020400 0.428600 0.889300 ? d
O12_3_156 O -3.479600 0.071400 1.110700 ? d
O12_3_256 O -2.479600 0.071400 1.110700 ? d
O12_3_356 O -1.479600 0.071400 1.110700 ? d
O12_3_456 O -0.479600 0.071400 1.110700 ? d
O12_3_556 O 0.520400 0.071400 1.110700 ? d
O12_3_656 O 1.520400 0.071400 1.110700 ? d
O12_3_756 O 2.520400 0.071400 1.110700 ? d
O12_3_856 O 3.520400 0.071400 1.110700 ? d
O12_3_956 O 4.520400 0.071400 1.110700 ? d
Zn1_1_155 Zn -3.898300 0.264600 0.907000 0 d
Zn1_1_255 Zn -2.898300 0.264600 0.907000 0 d
Zn1_1_355 Zn -1.898300 0.264600 0.907000 0 d
Zn1_1_455 Zn -0.898300 0.264600 0.907000 0 d
Zn1_1_655 Zn 1.101700 0.264600 0.907000 0 d
Zn1_1_755 Zn 2.101700 0.264600 0.907000 0 d
Zn1_1_855 Zn 3.101700 0.264600 0.907000 0 d
Zn1_1_955 Zn 4.101700 0.264600 0.907000 0 d
Zn1_3_156 Zn -3.398300 0.235400 1.093000 0 d
Zn1_3_256 Zn -2.398300 0.235400 1.093000 0 d
Zn1_3_356 Zn -1.398300 0.235400 1.093000 0 d
Zn1_3_456 Zn -0.398300 0.235400 1.093000 0 d
Zn1_3_556 Zn 0.601700 0.235400 1.093000 0 d
Zn1_3_656 Zn 1.601700 0.235400 1.093000 0 d
Zn1_3_756 Zn 2.601700 0.235400 1.093000 0 d
Zn1_3_856 Zn 3.601700 0.235400 1.093000 0 d
Zn1_3_956 Zn 4.601700 0.235400 1.093000 0 d
loop_
_cod_molecule_atom_label
_cod_molecule_atom_orig_label
_cod_molecule_atom_symmetry
_cod_molecule_atom_symop_id
_cod_molecule_atom_symop_xyz
_cod_molecule_atom_transl_id
_cod_molecule_atom_transl_x
_cod_molecule_atom_transl_y
_cod_molecule_atom_transl_z
_cod_molecule_atom_mult
_cod_molecule_atom_mult_ratio
O1 O1 1_555 1 x,y,z 555 0 0 0 4 1
O2 O2 1_555 1 x,y,z 555 0 0 0 4 1
O3 O3 1_555 1 x,y,z 555 0 0 0 4 1
O4 O4 1_555 1 x,y,z 555 0 0 0 4 1
O5 O5 1_555 1 x,y,z 555 0 0 0 4 1
O6 O6 1_555 1 x,y,z 555 0 0 0 4 1
O9 O9 1_555 1 x,y,z 555 0 0 0 4 1
P1 P1 1_555 1 x,y,z 555 0 0 0 4 1
P3 P3 1_555 1 x,y,z 555 0 0 0 4 1
O11 O11 1_555 1 x,y,z 555 0 0 0 4 1
O12 O12 1_555 1 x,y,z 555 0 0 0 4 1
Zn1 Zn1 1_555 1 x,y,z 555 0 0 0 4 1
O1_1_155 O1 1_155 1 x,y,z 155 -4 0 0 4 1
O1_1_255 O1 1_255 1 x,y,z 255 -3 0 0 4 1
O1_1_355 O1 1_355 1 x,y,z 355 -2 0 0 4 1
O1_1_455 O1 1_455 1 x,y,z 455 -1 0 0 4 1
O1_1_655 O1 1_655 1 x,y,z 655 1 0 0 4 1
O1_1_755 O1 1_755 1 x,y,z 755 2 0 0 4 1
O1_1_855 O1 1_855 1 x,y,z 855 3 0 0 4 1
O1_1_955 O1 1_955 1 x,y,z 955 4 0 0 4 1
O1_3_156 O1 3_156 3 x+1/2,-y+1/2,-z 156 -4 0 1 4 1
O1_3_256 O1 3_256 3 x+1/2,-y+1/2,-z 256 -3 0 1 4 1
O1_3_356 O1 3_356 3 x+1/2,-y+1/2,-z 356 -2 0 1 4 1
O1_3_456 O1 3_456 3 x+1/2,-y+1/2,-z 456 -1 0 1 4 1
O1_3_556 O1 3_556 3 x+1/2,-y+1/2,-z 556 0 0 1 4 1
O1_3_656 O1 3_656 3 x+1/2,-y+1/2,-z 656 1 0 1 4 1
O1_3_756 O1 3_756 3 x+1/2,-y+1/2,-z 756 2 0 1 4 1
O1_3_856 O1 3_856 3 x+1/2,-y+1/2,-z 856 3 0 1 4 1
O1_3_956 O1 3_956 3 x+1/2,-y+1/2,-z 956 4 0 1 4 1
O2_1_155 O2 1_155 1 x,y,z 155 -4 0 0 4 1
O2_1_255 O2 1_255 1 x,y,z 255 -3 0 0 4 1
O2_1_355 O2 1_355 1 x,y,z 355 -2 0 0 4 1
O2_1_455 O2 1_455 1 x,y,z 455 -1 0 0 4 1
O2_1_655 O2 1_655 1 x,y,z 655 1 0 0 4 1
O2_1_755 O2 1_755 1 x,y,z 755 2 0 0 4 1
O2_1_855 O2 1_855 1 x,y,z 855 3 0 0 4 1
O2_1_955 O2 1_955 1 x,y,z 955 4 0 0 4 1
O2_3_156 O2 3_156 3 x+1/2,-y+1/2,-z 156 -4 0 1 4 1
O2_3_256 O2 3_256 3 x+1/2,-y+1/2,-z 256 -3 0 1 4 1
O2_3_356 O2 3_356 3 x+1/2,-y+1/2,-z 356 -2 0 1 4 1
O2_3_456 O2 3_456 3 x+1/2,-y+1/2,-z 456 -1 0 1 4 1
O2_3_556 O2 3_556 3 x+1/2,-y+1/2,-z 556 0 0 1 4 1
O2_3_656 O2 3_656 3 x+1/2,-y+1/2,-z 656 1 0 1 4 1
O2_3_756 O2 3_756 3 x+1/2,-y+1/2,-z 756 2 0 1 4 1
O2_3_856 O2 3_856 3 x+1/2,-y+1/2,-z 856 3 0 1 4 1
O2_3_956 O2 3_956 3 x+1/2,-y+1/2,-z 956 4 0 1 4 1
O3_1_155 O3 1_155 1 x,y,z 155 -4 0 0 4 1
O3_1_255 O3 1_255 1 x,y,z 255 -3 0 0 4 1
O3_1_355 O3 1_355 1 x,y,z 355 -2 0 0 4 1
O3_1_455 O3 1_455 1 x,y,z 455 -1 0 0 4 1
O3_1_655 O3 1_655 1 x,y,z 655 1 0 0 4 1
O3_1_755 O3 1_755 1 x,y,z 755 2 0 0 4 1
O3_1_855 O3 1_855 1 x,y,z 855 3 0 0 4 1
O3_1_955 O3 1_955 1 x,y,z 955 4 0 0 4 1
O3_3_156 O3 3_156 3 x+1/2,-y+1/2,-z 156 -4 0 1 4 1
O3_3_256 O3 3_256 3 x+1/2,-y+1/2,-z 256 -3 0 1 4 1
O3_3_356 O3 3_356 3 x+1/2,-y+1/2,-z 356 -2 0 1 4 1
O3_3_456 O3 3_456 3 x+1/2,-y+1/2,-z 456 -1 0 1 4 1
O3_3_556 O3 3_556 3 x+1/2,-y+1/2,-z 556 0 0 1 4 1
O3_3_656 O3 3_656 3 x+1/2,-y+1/2,-z 656 1 0 1 4 1
O3_3_756 O3 3_756 3 x+1/2,-y+1/2,-z 756 2 0 1 4 1
O3_3_856 O3 3_856 3 x+1/2,-y+1/2,-z 856 3 0 1 4 1
O3_3_956 O3 3_956 3 x+1/2,-y+1/2,-z 956 4 0 1 4 1
O4_1_155 O4 1_155 1 x,y,z 155 -4 0 0 4 1
O4_1_255 O4 1_255 1 x,y,z 255 -3 0 0 4 1
O4_1_355 O4 1_355 1 x,y,z 355 -2 0 0 4 1
O4_1_455 O4 1_455 1 x,y,z 455 -1 0 0 4 1
O4_1_655 O4 1_655 1 x,y,z 655 1 0 0 4 1
O4_1_755 O4 1_755 1 x,y,z 755 2 0 0 4 1
O4_1_855 O4 1_855 1 x,y,z 855 3 0 0 4 1
O4_3_146 O4 3_146 3 x+1/2,-y+1/2,-z 146 -4 -1 1 4 1
O4_3_246 O4 3_246 3 x+1/2,-y+1/2,-z 246 -3 -1 1 4 1
O4_3_346 O4 3_346 3 x+1/2,-y+1/2,-z 346 -2 -1 1 4 1
O4_3_446 O4 3_446 3 x+1/2,-y+1/2,-z 446 -1 -1 1 4 1
O4_3_546 O4 3_546 3 x+1/2,-y+1/2,-z 546 0 -1 1 4 1
O4_3_646 O4 3_646 3 x+1/2,-y+1/2,-z 646 1 -1 1 4 1
O4_3_746 O4 3_746 3 x+1/2,-y+1/2,-z 746 2 -1 1 4 1
O4_3_846 O4 3_846 3 x+1/2,-y+1/2,-z 846 3 -1 1 4 1
O4_3_946 O4 3_946 3 x+1/2,-y+1/2,-z 946 4 -1 1 4 1
O5_1_155 O5 1_155 1 x,y,z 155 -4 0 0 4 1
O5_1_255 O5 1_255 1 x,y,z 255 -3 0 0 4 1
O5_1_355 O5 1_355 1 x,y,z 355 -2 0 0 4 1
O5_1_455 O5 1_455 1 x,y,z 455 -1 0 0 4 1
O5_1_655 O5 1_655 1 x,y,z 655 1 0 0 4 1
O5_1_755 O5 1_755 1 x,y,z 755 2 0 0 4 1
O5_1_855 O5 1_855 1 x,y,z 855 3 0 0 4 1
O5_1_955 O5 1_955 1 x,y,z 955 4 0 0 4 1
O5_3_156 O5 3_156 3 x+1/2,-y+1/2,-z 156 -4 0 1 4 1
O5_3_256 O5 3_256 3 x+1/2,-y+1/2,-z 256 -3 0 1 4 1
O5_3_356 O5 3_356 3 x+1/2,-y+1/2,-z 356 -2 0 1 4 1
O5_3_456 O5 3_456 3 x+1/2,-y+1/2,-z 456 -1 0 1 4 1
O5_3_556 O5 3_556 3 x+1/2,-y+1/2,-z 556 0 0 1 4 1
O5_3_656 O5 3_656 3 x+1/2,-y+1/2,-z 656 1 0 1 4 1
O5_3_756 O5 3_756 3 x+1/2,-y+1/2,-z 756 2 0 1 4 1
O5_3_856 O5 3_856 3 x+1/2,-y+1/2,-z 856 3 0 1 4 1
O5_3_956 O5 3_956 3 x+1/2,-y+1/2,-z 956 4 0 1 4 1
O6_1_155 O6 1_155 1 x,y,z 155 -4 0 0 4 1
O6_1_255 O6 1_255 1 x,y,z 255 -3 0 0 4 1
O6_1_355 O6 1_355 1 x,y,z 355 -2 0 0 4 1
O6_1_455 O6 1_455 1 x,y,z 455 -1 0 0 4 1
O6_1_655 O6 1_655 1 x,y,z 655 1 0 0 4 1
O6_1_755 O6 1_755 1 x,y,z 755 2 0 0 4 1
O6_1_855 O6 1_855 1 x,y,z 855 3 0 0 4 1
O6_1_955 O6 1_955 1 x,y,z 955 4 0 0 4 1
O6_3_156 O6 3_156 3 x+1/2,-y+1/2,-z 156 -4 0 1 4 1
O6_3_256 O6 3_256 3 x+1/2,-y+1/2,-z 256 -3 0 1 4 1
O6_3_356 O6 3_356 3 x+1/2,-y+1/2,-z 356 -2 0 1 4 1
O6_3_456 O6 3_456 3 x+1/2,-y+1/2,-z 456 -1 0 1 4 1
O6_3_556 O6 3_556 3 x+1/2,-y+1/2,-z 556 0 0 1 4 1
O6_3_656 O6 3_656 3 x+1/2,-y+1/2,-z 656 1 0 1 4 1
O6_3_756 O6 3_756 3 x+1/2,-y+1/2,-z 756 2 0 1 4 1
O6_3_856 O6 3_856 3 x+1/2,-y+1/2,-z 856 3 0 1 4 1
O6_3_956 O6 3_956 3 x+1/2,-y+1/2,-z 956 4 0 1 4 1
O7_1_156 O7 1_156 1 x,y,z 156 -4 0 1 4 1
O7_1_256 O7 1_256 1 x,y,z 256 -3 0 1 4 1
O7_1_356 O7 1_356 1 x,y,z 356 -2 0 1 4 1
O7_1_456 O7 1_456 1 x,y,z 456 -1 0 1 4 1
O7_1_556 O7 1_556 1 x,y,z 556 0 0 1 4 1
O7_1_656 O7 1_656 1 x,y,z 656 1 0 1 4 1
O7_1_756 O7 1_756 1 x,y,z 756 2 0 1 4 1
O7_1_856 O7 1_856 1 x,y,z 856 3 0 1 4 1
O7_1_956 O7 1_956 1 x,y,z 956 4 0 1 4 1
O7_3_155 O7 3_155 3 x+1/2,-y+1/2,-z 155 -4 0 0 4 1
O7_3_255 O7 3_255 3 x+1/2,-y+1/2,-z 255 -3 0 0 4 1
O7_3_355 O7 3_355 3 x+1/2,-y+1/2,-z 355 -2 0 0 4 1
O7_3_455 O7 3_455 3 x+1/2,-y+1/2,-z 455 -1 0 0 4 1
O7_3_555 O7 3_555 3 x+1/2,-y+1/2,-z 555 0 0 0 4 1
O7_3_655 O7 3_655 3 x+1/2,-y+1/2,-z 655 1 0 0 4 1
O7_3_755 O7 3_755 3 x+1/2,-y+1/2,-z 755 2 0 0 4 1
O7_3_855 O7 3_855 3 x+1/2,-y+1/2,-z 855 3 0 0 4 1
O7_3_955 O7 3_955 3 x+1/2,-y+1/2,-z 955 4 0 0 4 1
O8_1_156 O8 1_156 1 x,y,z 156 -4 0 1 4 1
O8_1_256 O8 1_256 1 x,y,z 256 -3 0 1 4 1
O8_1_356 O8 1_356 1 x,y,z 356 -2 0 1 4 1
O8_1_456 O8 1_456 1 x,y,z 456 -1 0 1 4 1
O8_1_556 O8 1_556 1 x,y,z 556 0 0 1 4 1
O8_1_656 O8 1_656 1 x,y,z 656 1 0 1 4 1
O8_1_756 O8 1_756 1 x,y,z 756 2 0 1 4 1
O8_1_856 O8 1_856 1 x,y,z 856 3 0 1 4 1
O8_1_956 O8 1_956 1 x,y,z 956 4 0 1 4 1
O8_3_155 O8 3_155 3 x+1/2,-y+1/2,-z 155 -4 0 0 4 1
O8_3_255 O8 3_255 3 x+1/2,-y+1/2,-z 255 -3 0 0 4 1
O8_3_355 O8 3_355 3 x+1/2,-y+1/2,-z 355 -2 0 0 4 1
O8_3_455 O8 3_455 3 x+1/2,-y+1/2,-z 455 -1 0 0 4 1
O8_3_555 O8 3_555 3 x+1/2,-y+1/2,-z 555 0 0 0 4 1
O8_3_655 O8 3_655 3 x+1/2,-y+1/2,-z 655 1 0 0 4 1
O8_3_755 O8 3_755 3 x+1/2,-y+1/2,-z 755 2 0 0 4 1
O8_3_855 O8 3_855 3 x+1/2,-y+1/2,-z 855 3 0 0 4 1
O8_3_955 O8 3_955 3 x+1/2,-y+1/2,-z 955 4 0 0 4 1
O9_1_155 O9 1_155 1 x,y,z 155 -4 0 0 4 1
O9_1_255 O9 1_255 1 x,y,z 255 -3 0 0 4 1
O9_1_355 O9 1_355 1 x,y,z 355 -2 0 0 4 1
O9_1_455 O9 1_455 1 x,y,z 455 -1 0 0 4 1
O9_1_655 O9 1_655 1 x,y,z 655 1 0 0 4 1
O9_1_755 O9 1_755 1 x,y,z 755 2 0 0 4 1
O9_1_855 O9 1_855 1 x,y,z 855 3 0 0 4 1
O9_3_156 O9 3_156 3 x+1/2,-y+1/2,-z 156 -4 0 1 4 1
O9_3_256 O9 3_256 3 x+1/2,-y+1/2,-z 256 -3 0 1 4 1
O9_3_356 O9 3_356 3 x+1/2,-y+1/2,-z 356 -2 0 1 4 1
O9_3_456 O9 3_456 3 x+1/2,-y+1/2,-z 456 -1 0 1 4 1
O9_3_556 O9 3_556 3 x+1/2,-y+1/2,-z 556 0 0 1 4 1
O9_3_656 O9 3_656 3 x+1/2,-y+1/2,-z 656 1 0 1 4 1
O9_3_756 O9 3_756 3 x+1/2,-y+1/2,-z 756 2 0 1 4 1
O9_3_856 O9 3_856 3 x+1/2,-y+1/2,-z 856 3 0 1 4 1
O9_3_956 O9 3_956 3 x+1/2,-y+1/2,-z 956 4 0 1 4 1
P1_1_155 P1 1_155 1 x,y,z 155 -4 0 0 4 1
P1_1_255 P1 1_255 1 x,y,z 255 -3 0 0 4 1
P1_1_355 P1 1_355 1 x,y,z 355 -2 0 0 4 1
P1_1_455 P1 1_455 1 x,y,z 455 -1 0 0 4 1
P1_1_655 P1 1_655 1 x,y,z 655 1 0 0 4 1
P1_1_755 P1 1_755 1 x,y,z 755 2 0 0 4 1
P1_1_855 P1 1_855 1 x,y,z 855 3 0 0 4 1
P1_1_955 P1 1_955 1 x,y,z 955 4 0 0 4 1
P1_3_156 P1 3_156 3 x+1/2,-y+1/2,-z 156 -4 0 1 4 1
P1_3_256 P1 3_256 3 x+1/2,-y+1/2,-z 256 -3 0 1 4 1
P1_3_356 P1 3_356 3 x+1/2,-y+1/2,-z 356 -2 0 1 4 1
P1_3_456 P1 3_456 3 x+1/2,-y+1/2,-z 456 -1 0 1 4 1
P1_3_556 P1 3_556 3 x+1/2,-y+1/2,-z 556 0 0 1 4 1
P1_3_656 P1 3_656 3 x+1/2,-y+1/2,-z 656 1 0 1 4 1
P1_3_756 P1 3_756 3 x+1/2,-y+1/2,-z 756 2 0 1 4 1
P1_3_856 P1 3_856 3 x+1/2,-y+1/2,-z 856 3 0 1 4 1
P1_3_956 P1 3_956 3 x+1/2,-y+1/2,-z 956 4 0 1 4 1
P2_1_156 P2 1_156 1 x,y,z 156 -4 0 1 4 1
P2_1_256 P2 1_256 1 x,y,z 256 -3 0 1 4 1
P2_1_356 P2 1_356 1 x,y,z 356 -2 0 1 4 1
P2_1_456 P2 1_456 1 x,y,z 456 -1 0 1 4 1
P2_1_556 P2 1_556 1 x,y,z 556 0 0 1 4 1
P2_1_656 P2 1_656 1 x,y,z 656 1 0 1 4 1
P2_1_756 P2 1_756 1 x,y,z 756 2 0 1 4 1
P2_1_856 P2 1_856 1 x,y,z 856 3 0 1 4 1
P2_1_956 P2 1_956 1 x,y,z 956 4 0 1 4 1
P2_3_155 P2 3_155 3 x+1/2,-y+1/2,-z 155 -4 0 0 4 1
P2_3_255 P2 3_255 3 x+1/2,-y+1/2,-z 255 -3 0 0 4 1
P2_3_355 P2 3_355 3 x+1/2,-y+1/2,-z 355 -2 0 0 4 1
P2_3_455 P2 3_455 3 x+1/2,-y+1/2,-z 455 -1 0 0 4 1
P2_3_555 P2 3_555 3 x+1/2,-y+1/2,-z 555 0 0 0 4 1
P2_3_655 P2 3_655 3 x+1/2,-y+1/2,-z 655 1 0 0 4 1
P2_3_755 P2 3_755 3 x+1/2,-y+1/2,-z 755 2 0 0 4 1
P2_3_855 P2 3_855 3 x+1/2,-y+1/2,-z 855 3 0 0 4 1
P2_3_955 P2 3_955 3 x+1/2,-y+1/2,-z 955 4 0 0 4 1
P3_1_155 P3 1_155 1 x,y,z 155 -4 0 0 4 1
P3_1_255 P3 1_255 1 x,y,z 255 -3 0 0 4 1
P3_1_355 P3 1_355 1 x,y,z 355 -2 0 0 4 1
P3_1_455 P3 1_455 1 x,y,z 455 -1 0 0 4 1
P3_1_655 P3 1_655 1 x,y,z 655 1 0 0 4 1
P3_1_755 P3 1_755 1 x,y,z 755 2 0 0 4 1
P3_1_855 P3 1_855 1 x,y,z 855 3 0 0 4 1
P3_3_146 P3 3_146 3 x+1/2,-y+1/2,-z 146 -4 -1 1 4 1
P3_3_246 P3 3_246 3 x+1/2,-y+1/2,-z 246 -3 -1 1 4 1
P3_3_346 P3 3_346 3 x+1/2,-y+1/2,-z 346 -2 -1 1 4 1
P3_3_446 P3 3_446 3 x+1/2,-y+1/2,-z 446 -1 -1 1 4 1
P3_3_546 P3 3_546 3 x+1/2,-y+1/2,-z 546 0 -1 1 4 1
P3_3_646 P3 3_646 3 x+1/2,-y+1/2,-z 646 1 -1 1 4 1
P3_3_746 P3 3_746 3 x+1/2,-y+1/2,-z 746 2 -1 1 4 1
P3_3_846 P3 3_846 3 x+1/2,-y+1/2,-z 846 3 -1 1 4 1
P3_3_946 P3 3_946 3 x+1/2,-y+1/2,-z 946 4 -1 1 4 1
O10_1_156 O10 1_156 1 x,y,z 156 -4 0 1 4 1
O10_1_256 O10 1_256 1 x,y,z 256 -3 0 1 4 1
O10_1_356 O10 1_356 1 x,y,z 356 -2 0 1 4 1
O10_1_456 O10 1_456 1 x,y,z 456 -1 0 1 4 1
O10_1_556 O10 1_556 1 x,y,z 556 0 0 1 4 1
O10_1_656 O10 1_656 1 x,y,z 656 1 0 1 4 1
O10_1_756 O10 1_756 1 x,y,z 756 2 0 1 4 1
O10_1_856 O10 1_856 1 x,y,z 856 3 0 1 4 1
O10_1_956 O10 1_956 1 x,y,z 956 4 0 1 4 1
O10_3_155 O10 3_155 3 x+1/2,-y+1/2,-z 155 -4 0 0 4 1
O10_3_255 O10 3_255 3 x+1/2,-y+1/2,-z 255 -3 0 0 4 1
O10_3_355 O10 3_355 3 x+1/2,-y+1/2,-z 355 -2 0 0 4 1
O10_3_455 O10 3_455 3 x+1/2,-y+1/2,-z 455 -1 0 0 4 1
O10_3_555 O10 3_555 3 x+1/2,-y+1/2,-z 555 0 0 0 4 1
O10_3_655 O10 3_655 3 x+1/2,-y+1/2,-z 655 1 0 0 4 1
O10_3_755 O10 3_755 3 x+1/2,-y+1/2,-z 755 2 0 0 4 1
O10_3_855 O10 3_855 3 x+1/2,-y+1/2,-z 855 3 0 0 4 1
O10_3_955 O10 3_955 3 x+1/2,-y+1/2,-z 955 4 0 0 4 1
O11_1_155 O11 1_155 1 x,y,z 155 -4 0 0 4 1
O11_1_255 O11 1_255 1 x,y,z 255 -3 0 0 4 1
O11_1_355 O11 1_355 1 x,y,z 355 -2 0 0 4 1
O11_1_455 O11 1_455 1 x,y,z 455 -1 0 0 4 1
O11_1_655 O11 1_655 1 x,y,z 655 1 0 0 4 1
O11_1_755 O11 1_755 1 x,y,z 755 2 0 0 4 1
O11_1_855 O11 1_855 1 x,y,z 855 3 0 0 4 1
O11_1_955 O11 1_955 1 x,y,z 955 4 0 0 4 1
O11_3_156 O11 3_156 3 x+1/2,-y+1/2,-z 156 -4 0 1 4 1
O11_3_256 O11 3_256 3 x+1/2,-y+1/2,-z 256 -3 0 1 4 1
O11_3_356 O11 3_356 3 x+1/2,-y+1/2,-z 356 -2 0 1 4 1
O11_3_456 O11 3_456 3 x+1/2,-y+1/2,-z 456 -1 0 1 4 1
O11_3_556 O11 3_556 3 x+1/2,-y+1/2,-z 556 0 0 1 4 1
O11_3_656 O11 3_656 3 x+1/2,-y+1/2,-z 656 1 0 1 4 1
O11_3_756 O11 3_756 3 x+1/2,-y+1/2,-z 756 2 0 1 4 1
O11_3_856 O11 3_856 3 x+1/2,-y+1/2,-z 856 3 0 1 4 1
O11_3_956 O11 3_956 3 x+1/2,-y+1/2,-z 956 4 0 1 4 1
O12_1_155 O12 1_155 1 x,y,z 155 -4 0 0 4 1
O12_1_255 O12 1_255 1 x,y,z 255 -3 0 0 4 1
O12_1_355 O12 1_355 1 x,y,z 355 -2 0 0 4 1
O12_1_455 O12 1_455 1 x,y,z 455 -1 0 0 4 1
O12_1_655 O12 1_655 1 x,y,z 655 1 0 0 4 1
O12_1_755 O12 1_755 1 x,y,z 755 2 0 0 4 1
O12_1_855 O12 1_855 1 x,y,z 855 3 0 0 4 1
O12_1_955 O12 1_955 1 x,y,z 955 4 0 0 4 1
O12_3_156 O12 3_156 3 x+1/2,-y+1/2,-z 156 -4 0 1 4 1
O12_3_256 O12 3_256 3 x+1/2,-y+1/2,-z 256 -3 0 1 4 1
O12_3_356 O12 3_356 3 x+1/2,-y+1/2,-z 356 -2 0 1 4 1
O12_3_456 O12 3_456 3 x+1/2,-y+1/2,-z 456 -1 0 1 4 1
O12_3_556 O12 3_556 3 x+1/2,-y+1/2,-z 556 0 0 1 4 1
O12_3_656 O12 3_656 3 x+1/2,-y+1/2,-z 656 1 0 1 4 1
O12_3_756 O12 3_756 3 x+1/2,-y+1/2,-z 756 2 0 1 4 1
O12_3_856 O12 3_856 3 x+1/2,-y+1/2,-z 856 3 0 1 4 1
O12_3_956 O12 3_956 3 x+1/2,-y+1/2,-z 956 4 0 1 4 1
Zn1_1_155 Zn1 1_155 1 x,y,z 155 -4 0 0 4 1
Zn1_1_255 Zn1 1_255 1 x,y,z 255 -3 0 0 4 1
Zn1_1_355 Zn1 1_355 1 x,y,z 355 -2 0 0 4 1
Zn1_1_455 Zn1 1_455 1 x,y,z 455 -1 0 0 4 1
Zn1_1_655 Zn1 1_655 1 x,y,z 655 1 0 0 4 1
Zn1_1_755 Zn1 1_755 1 x,y,z 755 2 0 0 4 1
Zn1_1_855 Zn1 1_855 1 x,y,z 855 3 0 0 4 1
Zn1_1_955 Zn1 1_955 1 x,y,z 955 4 0 0 4 1
Zn1_3_156 Zn1 3_156 3 x+1/2,-y+1/2,-z 156 -4 0 1 4 1
Zn1_3_256 Zn1 3_256 3 x+1/2,-y+1/2,-z 256 -3 0 1 4 1
Zn1_3_356 Zn1 3_356 3 x+1/2,-y+1/2,-z 356 -2 0 1 4 1
Zn1_3_456 Zn1 3_456 3 x+1/2,-y+1/2,-z 456 -1 0 1 4 1
Zn1_3_556 Zn1 3_556 3 x+1/2,-y+1/2,-z 556 0 0 1 4 1
Zn1_3_656 Zn1 3_656 3 x+1/2,-y+1/2,-z 656 1 0 1 4 1
Zn1_3_756 Zn1 3_756 3 x+1/2,-y+1/2,-z 756 2 0 1 4 1
Zn1_3_856 Zn1 3_856 3 x+1/2,-y+1/2,-z 856 3 0 1 4 1
Zn1_3_956 Zn1 3_956 3 x+1/2,-y+1/2,-z 956 4 0 1 4 1
data_2000135_molecule_1
loop_
_publ_author_name
'Patarin, J.'
'Marler, B.'
'Huve, L.'
_publ_section_title
;
 Synthesis and structure of Zn(H2PO4)(2)(HPO4).H2N2C6H12
;
_journal_issue                   10
_journal_name_full
'European Journal of Solid State and Inorganic Chemistry'
_journal_page_first              909
_journal_page_last               920
_journal_volume                  31
_journal_year                    1994
_[local]_cod_src_chemical_formula_sum 'C6 H19 N2 O12 P3 Zn'
_cell_angle_alpha                90
_cell_angle_beta                 90
_cell_angle_gamma                90
_cell_length_a                   9.777(2)
_cell_length_b                   10.640(2)
_cell_length_c                   15.384(3)
_diffrn_ambient_temperature      ?
_[local]_cod_src_refine_ls_R_factor_gt 0.06
_[local]_cod_src_refine_ls_wR_factor_gt 0.06
_audit_creation_method
'Id: <script_name> <revision_nr> <date> <time> <author>'
_chemical_formula_sum            'C6 N2'
_cod_data_source_file            cif_molecule_086.inp
_cod_data_source_block           2000135
_cell_formula_units_Z            1
_space_group_name_H-M_alt        'P 1'
_cod_molecule_space_group_IT_number 19
_cod_molecule_is_polymer         no
loop_
_space_group_symop_operation_xyz
'x, y, z'
loop_
_atom_site_label
_atom_site_type_symbol
_atom_site_fract_x
_atom_site_fract_y
_atom_site_fract_z
_atom_site_attached_hydrogens
_atom_site_calc_flag
C1 C 0.122400 0.255400 0.376700 2 d
C2 C 0.268100 0.253800 0.417000 2 d
C3 C 0.207200 0.079300 0.287300 2 d
C4 C 0.340500 0.329100 0.270200 2 d
C5 C 0.360300 0.106100 0.310300 2 d
C6 C 0.201300 0.295900 0.227900 2 d
N1 N 0.368700 0.237600 0.343900 1 d
N2 N 0.131400 0.198800 0.287100 1 d
loop_
_cod_molecule_atom_label
_cod_molecule_atom_orig_label
_cod_molecule_atom_symmetry
_cod_molecule_atom_symop_id
_cod_molecule_atom_symop_xyz
_cod_molecule_atom_transl_id
_cod_molecule_atom_transl_x
_cod_molecule_atom_transl_y
_cod_molecule_atom_transl_z
_cod_molecule_atom_mult
_cod_molecule_atom_mult_ratio
C1 C1 1_555 1 x,y,z 555 0 0 0 4 1
C2 C2 1_555 1 x,y,z 555 0 0 0 4 1
C3 C3 1_555 1 x,y,z 555 0 0 0 4 1
C4 C4 1_555 1 x,y,z 555 0 0 0 4 1
C5 C5 1_555 1 x,y,z 555 0 0 0 4 1
C6 C6 1_555 1 x,y,z 555 0 0 0 4 1
N1 N1 1_555 1 x,y,z 555 0 0 0 4 1
N2 N2 1_555 1 x,y,z 555 0 0 0 4 1
