scripts/cif_validate: tests/cases/cif_validate_011.inp data_1101113: NOTE, tag '_atom_site_label' is mandatory in loop when tag(s) [_atom_site_type_symbol] are defined according to tests/inputs/cif_core.dic but was not found
scripts/cif_validate: tests/cases/cif_validate_011.inp data_1101113: NOTE, tag '_atom_site_occupancy' value "1.237(22)" should be in range (0.0, 1.0)
