scripts/cif_select: tests/cases/cif_select_012.inp data_dot-and-underscore-IT: WARNING, will not rename data item '_space_group.it_number' to '_space_group_it_number'&colon; data item '_space_group_it_number' already exists.
data_dot-and-underscore-IT
_space_group_it_number           2
_space_group_it_number           2
