data_2240189_molecule_0
loop_
_publ_author_name
'Hennings, Erik'
'Schmidt, Horst'
'Voigt, Wolfgang'
_publ_section_title
;
 Crystal structure of iron(III) perchlorate nonahydrate
;
_journal_issue                   12
_journal_name_full               'Acta Crystallographica Section E'
_journal_page_first              477
_journal_page_last               479
_journal_volume                  70
_journal_year                    2014
_[local]_cod_src_chemical_formula_iupac '[Fe (H2 O)6] (Cl O4)3, 3H2 O'
_[local]_cod_src_chemical_formula_moiety 'Fe H12 O6, 3(Cl O4), 3(H2 O)'
_[local]_cod_src_chemical_formula_sum 'Cl3 Fe H18 O21'
_cell_angle_alpha                90
_cell_angle_beta                 90
_cell_angle_gamma                120
_cell_length_a                   16.1930(15)
_cell_length_b                   16.1930(15)
_cell_length_c                   11.2421(11)
_cell_measurement_temperature    100
_diffrn_ambient_temperature      100
_diffrn_radiation_type           MoK\a
_diffrn_radiation_wavelength     0.71073
_diffrn_reflns_limit_h_max       20
_diffrn_reflns_limit_h_min       -20
_diffrn_reflns_limit_k_max       20
_diffrn_reflns_limit_k_min       -20
_diffrn_reflns_limit_l_max       14
_diffrn_reflns_limit_l_min       -14
_diffrn_reflns_theta_full        25.242
_diffrn_reflns_theta_max         27.494
_[local]_cod_src_refine_ls_R_factor_all 0.0423
_[local]_cod_src_refine_ls_R_factor_gt 0.0414
_[local]_cod_src_refine_ls_wR_factor_gt 0.0910
_[local]_cod_src_refine_ls_wR_factor_ref 0.0916
_audit_creation_method
'Id: <script_name> <revision_nr> <date> <time> <author>'
_chemical_formula_sum            'Cl3 Fe H18 O21'
_cod_data_source_file            cif_molecule_191.inp
_cod_data_source_block           2240189
_cell_formula_units_Z            1
_space_group_name_H-M_alt        'P 1'
_cod_molecule_space_group_IT_number 167
_cod_molecule_is_polymer         no
loop_
_space_group_symop_operation_xyz
'x, y, z'
loop_
_atom_site_label
_atom_site_type_symbol
_atom_site_fract_x
_atom_site_fract_y
_atom_site_fract_z
_atom_site_U_iso_or_equiv
_atom_site_occupancy
_atom_site_disorder_assembly
_atom_site_disorder_group
_atom_site_calc_flag
H4 H 0.375000 0.468000 0.388000 0.054(13) 1 . . d
O1 O 0.074200 0.116660 0.399100 0.0252(5) 1 . . d
O2 O 0.413400 0.343800 0.380800 0.0342(8) 0.773(9) A 1 d
O3 O 0.307000 0.191400 0.311000 0.0481(12) 0.773(9) A 1 d
O4 O 0.333300 0.478580 0.416700 0.0247(6) 1 . . d
Cl1 Cl 0.333300 0.254000 0.416700 0.0329(3) 0.773(9) A 1 d
Fe1 Fe 0.000000 0.000000 0.500000 0.0188(3) 1 . . d
H1A H 0.129000 0.158000 0.417000 0.047(12) 1 . . d
H1B H 0.048000 0.138000 0.357000 0.051(13) 1 . . d
O1_2_445 O -0.116660 -0.042460 0.399100 0.0252(5) 1 . . d
O1_4_545 O 0.042460 -0.074200 0.399100 0.0252(5) 1 . . d
H1A_2_445 H -0.158000 -0.029000 0.417000 0.047(12) 1 . . d
H1A_4_545 H 0.029000 -0.129000 0.417000 0.047(12) 1 . . d
H1B_2_445 H -0.138000 -0.090000 0.357000 0.051(13) 1 . . d
H1B_4_545 H 0.090000 -0.048000 0.357000 0.051(13) 1 . . d
H4_11_555 H 0.291667 0.426333 0.445333 0.054(13) 1 . . d
H4_13_554 H 0.041667 0.801333 -0.278667 0.054(13) 1 . . d
H4_17_454 H -0.041667 0.759667 -0.221333 0.054(13) 1 . . d
H4_31_455 H -0.041667 0.198667 0.278667 0.054(13) 1 . . d
H4_35_555 H 0.041667 0.240333 0.221333 0.054(13) 1 . . d
O1_19_445 O -0.074200 -0.116660 0.600900 0.0252(5) 1 . . d
O1_20_555 O 0.116660 0.042460 0.600900 0.0252(5) 1 . . d
O1_22_455 O -0.042460 0.074200 0.600900 0.0252(5) 1 . . d
O2_11_555 O 0.253267 0.263733 0.452533 0.0342(8) 0.773(9) A 1 d
O2_13_554 O 0.080067 0.677133 -0.285867 0.0342(8) 0.773(9) A 1 d
O2_17_454 O -0.080067 0.597067 -0.214133 0.0342(8) 0.773(9) A 1 d
O2_31_455 O -0.080067 0.322867 0.285867 0.0342(8) 0.773(9) A 1 d
O2_35_555 O 0.080067 0.402933 0.214133 0.0342(8) 0.773(9) A 1 d
O3_11_555 O 0.359667 0.217733 0.522333 0.0481(12) 0.773(9) A 1 d
O3_13_454 O -0.026333 0.524733 -0.355667 0.0481(12) 0.773(9) A 1 d
O3_17_554 O 0.026333 0.551067 -0.144333 0.0481(12) 0.773(9) A 1 d
O3_31_555 O 0.026333 0.475267 0.355667 0.0481(12) 0.773(9) A 1 d
O3_35_455 O -0.026333 0.448933 0.144333 0.0481(12) 0.773(9) A 1 d
O4_17_554 O 0.000033 0.811947 -0.250033 0.0247(6) 1 . . d
O4_31_555 O 0.000033 0.188087 0.249967 0.0247(6) 1 . . d
Cl1_17_554 Cl 0.000033 0.587367 -0.250033 0.0329(3) 0.773(9) A 1 d
Cl1_31_555 Cl 0.000033 0.412667 0.249967 0.0329(3) 0.773(9) A 1 d
H1A_19_445 H -0.129000 -0.158000 0.583000 0.047(12) 1 . . d
H1A_20_555 H 0.158000 0.029000 0.583000 0.047(12) 1 . . d
H1A_22_455 H -0.029000 0.129000 0.583000 0.047(12) 1 . . d
H1B_19_445 H -0.048000 -0.138000 0.643000 0.051(13) 1 . . d
H1B_20_555 H 0.138000 0.090000 0.643000 0.051(13) 1 . . d
H1B_22_455 H -0.090000 0.048000 0.643000 0.051(13) 1 . . d
loop_
_cod_molecule_atom_label
_cod_molecule_atom_orig_label
_cod_molecule_atom_symmetry
_cod_molecule_atom_symop_id
_cod_molecule_atom_symop_xyz
_cod_molecule_atom_transl_id
_cod_molecule_atom_transl_x
_cod_molecule_atom_transl_y
_cod_molecule_atom_transl_z
_cod_molecule_atom_mult
_cod_molecule_atom_mult_ratio
_cod_molecule_atom_assembly
_cod_molecule_atom_group
H4 H4 1_555 1 x,y,z 555 0 0 0 36 1 . .
O1 O1 1_555 1 x,y,z 555 0 0 0 36 1 . .
O2 O2 1_555 1 x,y,z 555 0 0 0 36 1 A 1
O3 O3 1_555 1 x,y,z 555 0 0 0 36 1 A 1
O4 O4 1_555 1 x,y,z 555 0 0 0 18 2 . .
Cl1 Cl1 1_555 1 x,y,z 555 0 0 0 18 2 A 1
Fe1 Fe1 1_555 1 x,y,z 555 0 0 0 6 6 . .
H1A H1A 1_555 1 x,y,z 555 0 0 0 36 1 . .
H1B H1B 1_555 1 x,y,z 555 0 0 0 36 1 . .
O1_2_445 O1 2_445 2 -y,x-y,z 445 -1 -1 0 36 1 . .
O1_4_545 O1 4_545 4 -x+y,-x,z 545 0 -1 0 36 1 . .
H1A_2_445 H1A 2_445 2 -y,x-y,z 445 -1 -1 0 36 1 . .
H1A_4_545 H1A 4_545 4 -x+y,-x,z 545 0 -1 0 36 1 . .
H1B_2_445 H1B 2_445 2 -y,x-y,z 445 -1 -1 0 36 1 . .
H1B_4_545 H1B 4_545 4 -x+y,-x,z 545 0 -1 0 36 1 . .
H4_11_555 H4 11_555 11 -x+2/3,-x+y+1/3,-z+5/6 555 0 0 0 36 1 . .
H4_13_554 H4 13_554 13 x+1/3,y+2/3,z+2/3 554 0 0 -1 36 1 . .
H4_17_454 H4 17_454 17 -x+1/3,-x+y+2/3,-z+1/6 454 -1 0 -1 36 1 . .
H4_31_455 H4 31_455 31 -x+1/3,-y+2/3,-z+2/3 455 -1 0 0 36 1 . .
H4_35_555 H4 35_555 35 x+1/3,x-y+2/3,z+1/6 555 0 0 0 36 1 . .
O1_19_445 O1 19_445 19 -x,-y,-z 445 -1 -1 0 36 1 . .
O1_20_555 O1 20_555 20 y,-x+y,-z 555 0 0 0 36 1 . .
O1_22_455 O1 22_455 22 x-y,x,-z 455 -1 0 0 36 1 . .
O2_11_555 O2 11_555 11 -x+2/3,-x+y+1/3,-z+5/6 555 0 0 0 36 1 A 1
O2_13_554 O2 13_554 13 x+1/3,y+2/3,z+2/3 554 0 0 -1 36 1 A 1
O2_17_454 O2 17_454 17 -x+1/3,-x+y+2/3,-z+1/6 454 -1 0 -1 36 1 A 1
O2_31_455 O2 31_455 31 -x+1/3,-y+2/3,-z+2/3 455 -1 0 0 36 1 A 1
O2_35_555 O2 35_555 35 x+1/3,x-y+2/3,z+1/6 555 0 0 0 36 1 A 1
O3_11_555 O3 11_555 11 -x+2/3,-x+y+1/3,-z+5/6 555 0 0 0 36 1 A 1
O3_13_454 O3 13_454 13 x+1/3,y+2/3,z+2/3 454 -1 0 -1 36 1 A 1
O3_17_554 O3 17_554 17 -x+1/3,-x+y+2/3,-z+1/6 554 0 0 -1 36 1 A 1
O3_31_555 O3 31_555 31 -x+1/3,-y+2/3,-z+2/3 555 0 0 0 36 1 A 1
O3_35_455 O3 35_455 35 x+1/3,x-y+2/3,z+1/6 455 -1 0 0 36 1 A 1
O4_17_554 O4 17_554 17 -x+1/3,-x+y+2/3,-z+1/6 554 0 0 -1 18 2 . .
O4_31_555 O4 31_555 31 -x+1/3,-y+2/3,-z+2/3 555 0 0 0 18 2 . .
Cl1_17_554 Cl1 17_554 17 -x+1/3,-x+y+2/3,-z+1/6 554 0 0 -1 18 2 A 1
Cl1_31_555 Cl1 31_555 31 -x+1/3,-y+2/3,-z+2/3 555 0 0 0 18 2 A 1
H1A_19_445 H1A 19_445 19 -x,-y,-z 445 -1 -1 0 36 1 . .
H1A_20_555 H1A 20_555 20 y,-x+y,-z 555 0 0 0 36 1 . .
H1A_22_455 H1A 22_455 22 x-y,x,-z 455 -1 0 0 36 1 . .
H1B_19_445 H1B 19_445 19 -x,-y,-z 445 -1 -1 0 36 1 . .
H1B_20_555 H1B 20_555 20 y,-x+y,-z 555 0 0 0 36 1 . .
H1B_22_455 H1B 22_455 22 x-y,x,-z 455 -1 0 0 36 1 . .
loop_
_cod_molecule_transform_label
_cod_molecule_transform_symop
O4 -x+2/3,-x+y+1/3,-z+5/6
Cl1 -x+2/3,-x+y+1/3,-z+5/6
Fe1 -y,x-y,z
Fe1 -x+y,-x,z
Fe1 -x,-y,-z
Fe1 y,-x+y,-z
Fe1 x-y,x,-z
O4_17_554 -x+2/3,-x+y+1/3,-z+5/6
O4_31_555 -x+2/3,-x+y+1/3,-z+5/6
Cl1_17_554 -x+2/3,-x+y+1/3,-z+5/6
Cl1_31_555 -x+2/3,-x+y+1/3,-z+5/6
data_2240189_molecule_1
loop_
_publ_author_name
'Hennings, Erik'
'Schmidt, Horst'
'Voigt, Wolfgang'
_publ_section_title
;
 Crystal structure of iron(III) perchlorate nonahydrate
;
_journal_issue                   12
_journal_name_full               'Acta Crystallographica Section E'
_journal_page_first              477
_journal_page_last               479
_journal_volume                  70
_journal_year                    2014
_[local]_cod_src_chemical_formula_iupac '[Fe (H2 O)6] (Cl O4)3, 3H2 O'
_[local]_cod_src_chemical_formula_moiety 'Fe H12 O6, 3(Cl O4), 3(H2 O)'
_[local]_cod_src_chemical_formula_sum 'Cl3 Fe H18 O21'
_cell_angle_alpha                90
_cell_angle_beta                 90
_cell_angle_gamma                120
_cell_length_a                   16.1930(15)
_cell_length_b                   16.1930(15)
_cell_length_c                   11.2421(11)
_cell_measurement_temperature    100
_diffrn_ambient_temperature      100
_diffrn_radiation_type           MoK\a
_diffrn_radiation_wavelength     0.71073
_diffrn_reflns_limit_h_max       20
_diffrn_reflns_limit_h_min       -20
_diffrn_reflns_limit_k_max       20
_diffrn_reflns_limit_k_min       -20
_diffrn_reflns_limit_l_max       14
_diffrn_reflns_limit_l_min       -14
_diffrn_reflns_theta_full        25.242
_diffrn_reflns_theta_max         27.494
_[local]_cod_src_refine_ls_R_factor_all 0.0423
_[local]_cod_src_refine_ls_R_factor_gt 0.0414
_[local]_cod_src_refine_ls_wR_factor_gt 0.0910
_[local]_cod_src_refine_ls_wR_factor_ref 0.0916
_audit_creation_method
'Id: <script_name> <revision_nr> <date> <time> <author>'
_chemical_formula_sum            'Cl3 Fe H18 O21'
_cod_data_source_file            cif_molecule_191.inp
_cod_data_source_block           2240189
_cell_formula_units_Z            1
_space_group_name_H-M_alt        'P 1'
_cod_molecule_space_group_IT_number 167
_cod_molecule_is_polymer         no
loop_
_space_group_symop_operation_xyz
'x, y, z'
loop_
_atom_site_label
_atom_site_type_symbol
_atom_site_fract_x
_atom_site_fract_y
_atom_site_fract_z
_atom_site_U_iso_or_equiv
_atom_site_occupancy
_atom_site_disorder_assembly
_atom_site_disorder_group
_atom_site_calc_flag
H4 H 0.375000 0.468000 0.388000 0.054(13) 1 . . d
O1 O 0.074200 0.116660 0.399100 0.0252(5) 1 . . d
O4 O 0.333300 0.478580 0.416700 0.0247(6) 1 . . d
Fe1 Fe 0.000000 0.000000 0.500000 0.0188(3) 1 . . d
H1A H 0.129000 0.158000 0.417000 0.047(12) 1 . . d
H1B H 0.048000 0.138000 0.357000 0.051(13) 1 . . d
O2' O 0.394600 0.349900 0.352700 0.0342(8) 0.227(9) A 2 d
O3' O 0.269900 0.171600 0.360200 0.0481(12) 0.227(9) A 2 d
Cl1' Cl 0.333300 0.254000 0.416700 0.0329(3) 0.227(9) A 2 d
O1_2_445 O -0.116660 -0.042460 0.399100 0.0252(5) 1 . . d
O1_4_545 O 0.042460 -0.074200 0.399100 0.0252(5) 1 . . d
H1A_2_445 H -0.158000 -0.029000 0.417000 0.047(12) 1 . . d
H1A_4_545 H 0.029000 -0.129000 0.417000 0.047(12) 1 . . d
H1B_2_445 H -0.138000 -0.090000 0.357000 0.051(13) 1 . . d
H1B_4_545 H 0.090000 -0.048000 0.357000 0.051(13) 1 . . d
H4_11_555 H 0.291667 0.426333 0.445333 0.054(13) 1 . . d
H4_13_554 H 0.041667 0.801333 -0.278667 0.054(13) 1 . . d
H4_17_454 H -0.041667 0.759667 -0.221333 0.054(13) 1 . . d
H4_31_455 H -0.041667 0.198667 0.278667 0.054(13) 1 . . d
H4_35_555 H 0.041667 0.240333 0.221333 0.054(13) 1 . . d
O1_19_445 O -0.074200 -0.116660 0.600900 0.0252(5) 1 . . d
O1_20_555 O 0.116660 0.042460 0.600900 0.0252(5) 1 . . d
O1_22_455 O -0.042460 0.074200 0.600900 0.0252(5) 1 . . d
O4_17_554 O 0.000033 0.811947 -0.250033 0.0247(6) 1 . . d
O4_31_555 O 0.000033 0.188087 0.249967 0.0247(6) 1 . . d
H1A_19_445 H -0.129000 -0.158000 0.583000 0.047(12) 1 . . d
H1A_20_555 H 0.158000 0.029000 0.583000 0.047(12) 1 . . d
H1A_22_455 H -0.029000 0.129000 0.583000 0.047(12) 1 . . d
H1B_19_445 H -0.048000 -0.138000 0.643000 0.051(13) 1 . . d
H1B_20_555 H 0.138000 0.090000 0.643000 0.051(13) 1 . . d
H1B_22_455 H -0.090000 0.048000 0.643000 0.051(13) 1 . . d
O2'_11_555 O 0.272067 0.288633 0.480633 0.0342(8) 0.227(9) A 2 d
O2'_13_554 O 0.061267 0.683233 -0.313967 0.0342(8) 0.227(9) A 2 d
O2'_17_454 O -0.061267 0.621967 -0.186033 0.0342(8) 0.227(9) A 2 d
O2'_31_455 O -0.061267 0.316767 0.313967 0.0342(8) 0.227(9) A 2 d
O2'_35_555 O 0.061267 0.378033 0.186033 0.0342(8) 0.227(9) A 2 d
O3'_11_555 O 0.396767 0.235033 0.473133 0.0481(12) 0.227(9) A 2 d
O3'_13_454 O -0.063433 0.504933 -0.306467 0.0481(12) 0.227(9) A 2 d
O3'_17_554 O 0.063433 0.568367 -0.193533 0.0481(12) 0.227(9) A 2 d
O3'_31_555 O 0.063433 0.495067 0.306467 0.0481(12) 0.227(9) A 2 d
O3'_35_455 O -0.063433 0.431633 0.193533 0.0481(12) 0.227(9) A 2 d
Cl1'_17_554 Cl 0.000033 0.587367 -0.250033 0.0329(3) 0.227(9) A 2 d
Cl1'_31_555 Cl 0.000033 0.412667 0.249967 0.0329(3) 0.227(9) A 2 d
loop_
_cod_molecule_atom_label
_cod_molecule_atom_orig_label
_cod_molecule_atom_symmetry
_cod_molecule_atom_symop_id
_cod_molecule_atom_symop_xyz
_cod_molecule_atom_transl_id
_cod_molecule_atom_transl_x
_cod_molecule_atom_transl_y
_cod_molecule_atom_transl_z
_cod_molecule_atom_mult
_cod_molecule_atom_mult_ratio
_cod_molecule_atom_assembly
_cod_molecule_atom_group
H4 H4 1_555 1 x,y,z 555 0 0 0 36 1 . .
O1 O1 1_555 1 x,y,z 555 0 0 0 36 1 . .
O4 O4 1_555 1 x,y,z 555 0 0 0 18 2 . .
Fe1 Fe1 1_555 1 x,y,z 555 0 0 0 6 6 . .
H1A H1A 1_555 1 x,y,z 555 0 0 0 36 1 . .
H1B H1B 1_555 1 x,y,z 555 0 0 0 36 1 . .
O2' O2' 1_555 1 x,y,z 555 0 0 0 36 1 A 2
O3' O3' 1_555 1 x,y,z 555 0 0 0 36 1 A 2
Cl1' Cl1' 1_555 1 x,y,z 555 0 0 0 18 2 A 2
O1_2_445 O1 2_445 2 -y,x-y,z 445 -1 -1 0 36 1 . .
O1_4_545 O1 4_545 4 -x+y,-x,z 545 0 -1 0 36 1 . .
H1A_2_445 H1A 2_445 2 -y,x-y,z 445 -1 -1 0 36 1 . .
H1A_4_545 H1A 4_545 4 -x+y,-x,z 545 0 -1 0 36 1 . .
H1B_2_445 H1B 2_445 2 -y,x-y,z 445 -1 -1 0 36 1 . .
H1B_4_545 H1B 4_545 4 -x+y,-x,z 545 0 -1 0 36 1 . .
H4_11_555 H4 11_555 11 -x+2/3,-x+y+1/3,-z+5/6 555 0 0 0 36 1 . .
H4_13_554 H4 13_554 13 x+1/3,y+2/3,z+2/3 554 0 0 -1 36 1 . .
H4_17_454 H4 17_454 17 -x+1/3,-x+y+2/3,-z+1/6 454 -1 0 -1 36 1 . .
H4_31_455 H4 31_455 31 -x+1/3,-y+2/3,-z+2/3 455 -1 0 0 36 1 . .
H4_35_555 H4 35_555 35 x+1/3,x-y+2/3,z+1/6 555 0 0 0 36 1 . .
O1_19_445 O1 19_445 19 -x,-y,-z 445 -1 -1 0 36 1 . .
O1_20_555 O1 20_555 20 y,-x+y,-z 555 0 0 0 36 1 . .
O1_22_455 O1 22_455 22 x-y,x,-z 455 -1 0 0 36 1 . .
O4_17_554 O4 17_554 17 -x+1/3,-x+y+2/3,-z+1/6 554 0 0 -1 18 2 . .
O4_31_555 O4 31_555 31 -x+1/3,-y+2/3,-z+2/3 555 0 0 0 18 2 . .
H1A_19_445 H1A 19_445 19 -x,-y,-z 445 -1 -1 0 36 1 . .
H1A_20_555 H1A 20_555 20 y,-x+y,-z 555 0 0 0 36 1 . .
H1A_22_455 H1A 22_455 22 x-y,x,-z 455 -1 0 0 36 1 . .
H1B_19_445 H1B 19_445 19 -x,-y,-z 445 -1 -1 0 36 1 . .
H1B_20_555 H1B 20_555 20 y,-x+y,-z 555 0 0 0 36 1 . .
H1B_22_455 H1B 22_455 22 x-y,x,-z 455 -1 0 0 36 1 . .
O2'_11_555 O2' 11_555 11 -x+2/3,-x+y+1/3,-z+5/6 555 0 0 0 36 1 A 2
O2'_13_554 O2' 13_554 13 x+1/3,y+2/3,z+2/3 554 0 0 -1 36 1 A 2
O2'_17_454 O2' 17_454 17 -x+1/3,-x+y+2/3,-z+1/6 454 -1 0 -1 36 1 A 2
O2'_31_455 O2' 31_455 31 -x+1/3,-y+2/3,-z+2/3 455 -1 0 0 36 1 A 2
O2'_35_555 O2' 35_555 35 x+1/3,x-y+2/3,z+1/6 555 0 0 0 36 1 A 2
O3'_11_555 O3' 11_555 11 -x+2/3,-x+y+1/3,-z+5/6 555 0 0 0 36 1 A 2
O3'_13_454 O3' 13_454 13 x+1/3,y+2/3,z+2/3 454 -1 0 -1 36 1 A 2
O3'_17_554 O3' 17_554 17 -x+1/3,-x+y+2/3,-z+1/6 554 0 0 -1 36 1 A 2
O3'_31_555 O3' 31_555 31 -x+1/3,-y+2/3,-z+2/3 555 0 0 0 36 1 A 2
O3'_35_455 O3' 35_455 35 x+1/3,x-y+2/3,z+1/6 455 -1 0 0 36 1 A 2
Cl1'_17_554 Cl1' 17_554 17 -x+1/3,-x+y+2/3,-z+1/6 554 0 0 -1 18 2 A 2
Cl1'_31_555 Cl1' 31_555 31 -x+1/3,-y+2/3,-z+2/3 555 0 0 0 18 2 A 2
loop_
_cod_molecule_transform_label
_cod_molecule_transform_symop
O4 -x+2/3,-x+y+1/3,-z+5/6
Fe1 -y,x-y,z
Fe1 -x+y,-x,z
Fe1 -x,-y,-z
Fe1 y,-x+y,-z
Fe1 x-y,x,-z
Cl1' -x+2/3,-x+y+1/3,-z+5/6
O4_17_554 -x+2/3,-x+y+1/3,-z+5/6
O4_31_555 -x+2/3,-x+y+1/3,-z+5/6
Cl1'_17_554 -x+2/3,-x+y+1/3,-z+5/6
Cl1'_31_555 -x+2/3,-x+y+1/3,-z+5/6
