scripts/cif_cod_numbers: tests/inputs/9012705.cif data_9012705: WARNING, data item '_cell_formula_units_Z' was not found -- the Z value will be estimated.
scripts/cif_cod_numbers: tests/inputs/9012705.cif data_9012705: WARNING, not enough data to estimate Z; crystal density undefined; molecular weight undefined -- assuming Z = 1.
C                                           9012705   1 tests/inputs/9012705.cif
