data_2013971_molecule_0
loop_
_publ_author_name
'Wang, Shi'
'Li, Yi-Zhi'
'Zuo, Jing-Lin'
'Li, Cheng-Hui'
'You, Xiao-Zeng'
_publ_section_title
;Tris{bis[hydrotris(1-pyrazolyl)borato-\k^3^<i>N</i>^2^,<i>N</i>^2'^,<i>N</i>^2''^]iron(III)}
 hexaisothiocyanatoiron(III)
;
_journal_issue                   6
_journal_name_full               'Acta Crystallographica Section C'
_journal_page_first              m258
_journal_page_last               m260
_journal_volume                  60
_journal_year                    2004
_[local]_cod_src_chemical_formula_iupac '[Fe (C9 H10 B N6)2]3 [Fe (N C S)6]'
_[local]_cod_src_chemical_formula_moiety '3(C18 H20 B2 Fe N12), C6 Fe N6 S6'
_[local]_cod_src_chemical_formula_sum 'C60 H60 B6 Fe4 N42 S6'
_cell_angle_alpha                90.00
_cell_angle_beta                 90.00
_cell_angle_gamma                120.00
_cell_length_a                   22.676(2)
_cell_length_b                   22.676(2)
_cell_length_c                   13.5195(18)
_cell_measurement_temperature    293(2)
_diffrn_ambient_temperature      293(2)
_diffrn_radiation_monochromator  graphite
_diffrn_radiation_source         'sealed tube'
_diffrn_radiation_type           MoK\a
_diffrn_radiation_wavelength     0.71073
_diffrn_reflns_limit_h_max       25
_diffrn_reflns_limit_h_min       -27
_diffrn_reflns_limit_k_max       27
_diffrn_reflns_limit_k_min       -25
_diffrn_reflns_limit_l_max       16
_diffrn_reflns_limit_l_min       -9
_diffrn_reflns_theta_full        26.00
_diffrn_reflns_theta_max         26.00
_[local]_cod_src_refine_ls_R_factor_all 0.0668
_[local]_cod_src_refine_ls_R_factor_gt 0.0439
_[local]_cod_src_refine_ls_wR_factor_gt 0.0992
_[local]_cod_src_refine_ls_wR_factor_ref 0.1039
_audit_creation_method
'Id: <script_name> <revision_nr> <date> <time> <author>'
_chemical_formula_sum            'C60 H60 B6 Fe4 N42 S6'
_cod_data_source_file            cif_molecule_162.inp
_cod_data_source_block           2013971
_cell_formula_units_Z            1
_space_group_name_H-M_alt        'P 1'
_cod_molecule_space_group_IT_number 148
_cod_molecule_is_polymer         no
loop_
_space_group_symop_operation_xyz
'x, y, z'
loop_
_atom_site_label
_atom_site_type_symbol
_atom_site_fract_x
_atom_site_fract_y
_atom_site_fract_z
_atom_site_U_iso_or_equiv
_atom_site_occupancy
_atom_site_refinement_flags
_atom_site_calc_flag
B1 B 0.200310 0.054810 0.259200 0.0488(8) 1 . d
C1 C 0.331520 0.033810 0.141400 0.0490(7) 1 . d
C4 C 0.216060 0.167810 0.061100 0.0485(7) 1 . d
C5 C 0.146150 0.133920 0.066500 0.0588(8) 1 . d
C6 C 0.129950 0.086880 0.140900 0.0516(8) 1 . d
C7 C 0.335580 0.201250 0.382300 0.0476(7) 1 . d
C8 C 0.293680 0.175560 0.462400 0.0582(8) 1 . d
C9 C 0.237200 0.117230 0.430300 0.0535(8) 1 . d
H1 H 0.372800 0.051400 0.108100 0.059 1 R calc
H4 H 0.242200 0.203400 0.017900 0.058 1 R calc
H5 H 0.116300 0.141200 0.028300 0.071 1 R calc
H6 H 0.086200 0.056700 0.163100 0.062 1 R calc
H7 H 0.378000 0.240700 0.382400 0.057 1 R calc
H8 H 0.301700 0.193800 0.525800 0.070 1 R calc
H9 H 0.199500 0.088300 0.468300 0.064 1 R calc
N1 N 0.303550 0.069670 0.171870 0.0401(5) 1 . d
N2 N 0.243850 0.026580 0.215720 0.0456(6) 1 . d
N3 N 0.240970 0.142030 0.127150 0.0385(5) 1 . d
N4 N 0.187120 0.091640 0.175800 0.0417(5) 1 . d
N5 N 0.306810 0.161510 0.304280 0.0401(5) 1 . d
N6 N 0.246180 0.109610 0.334990 0.0415(5) 1 . d
N7 N 0.063250 0.082360 0.412850 0.0458(6) 1 . d
S1 S 0.150960 0.205240 0.320580 0.0528(2) 1 . d
C10 C 0.099260 0.133320 0.373130 0.0375(6) 1 . d
Fe1 Fe 0.333300 0.166700 0.166700 0.03438(18) 1 S d
Fe2 Fe 0.000000 0.000000 0.500000 0.0367(2) 1 S d
H11 H 0.158100 0.019100 0.289000 0.059 1 R calc
B1_7_455 B -0.133023 0.388143 0.592533 0.0488(8) 1 . d
B1_9_555 B 0.187833 0.466357 0.925867 0.0488(8) 1 . d
C1_7_455 C -0.001813 0.367143 0.474733 0.0490(7) 1 . d
C1_9_555 C 0.035623 0.335147 0.808067 0.0490(7) 1 . d
C2_1_545 C 0.289990 -0.033740 0.166500 0.0568(8) 1 . d
C2_7_455 C -0.043343 0.299593 0.499833 0.0568(8) 1 . d
C2_9_555 C 0.009603 0.376677 0.833167 0.0568(8) 1 . d
C3_1_545 C 0.235550 -0.036150 0.213600 0.0538(8) 1 . d
C3_7_455 C -0.097783 0.297183 0.546933 0.0538(8) 1 . d
C3_9_555 C 0.061633 0.431117 0.880267 0.0538(8) 1 . d
C4_7_455 C -0.117273 0.501143 0.394433 0.0485(7) 1 . d
C4_9_555 C 0.285083 0.450607 0.727767 0.0485(7) 1 . d
C5_7_455 C -0.187183 0.467253 0.399833 0.0588(8) 1 . d
C5_9_555 C 0.321103 0.520517 0.733167 0.0588(8) 1 . d
C6_7_455 C -0.203383 0.420213 0.474233 0.0516(8) 1 . d
C6_9_555 C 0.290263 0.536717 0.807567 0.0516(8) 1 . d
C7_7_555 C 0.002247 0.534583 0.715633 0.0476(7) 1 . d
C7_9_556 C 0.199003 0.331087 1.048967 0.0476(7) 1 . d
C8_7_455 C -0.039653 0.508893 0.795733 0.0582(8) 1 . d
C8_9_556 C 0.215213 0.372987 1.129067 0.0582(8) 1 . d
C9_7_455 C -0.096133 0.450563 0.763633 0.0535(8) 1 . d
C9_9_556 C 0.213363 0.429467 1.096967 0.0535(8) 1 . d
H1_7_555 H 0.039467 0.384733 0.441433 0.059 1 R calc
H1_9_555 H 0.011933 0.293867 0.774767 0.059 1 R calc
H2_1_545 H 0.297500 -0.069800 0.153900 0.068 1 R calc
H2_7_455 H -0.035833 0.263533 0.487233 0.068 1 R calc
H2_9_455 H -0.033967 0.369167 0.820567 0.068 1 R calc
H3_1_545 H 0.198700 -0.075000 0.240000 0.065 1 R calc
H3_7_455 H -0.134633 0.258333 0.573333 0.065 1 R calc
H3_9_555 H 0.059633 0.467967 0.906667 0.065 1 R calc
H4_7_455 H -0.091133 0.536733 0.351233 0.058 1 R calc
H4_9_555 H 0.294533 0.424467 0.684567 0.058 1 R calc
H5_7_455 H -0.217033 0.474533 0.361633 0.071 1 R calc
H5_9_555 H 0.358233 0.550367 0.694967 0.071 1 R calc
H6_7_455 H -0.247133 0.390033 0.496433 0.062 1 R calc
H6_9_555 H 0.303833 0.580467 0.829767 0.062 1 R calc
H7_7_555 H 0.044667 0.574033 0.715733 0.057 1 R calc
H7_9_556 H 0.196033 0.288667 1.049067 0.057 1 R calc
H8_7_455 H -0.031633 0.527133 0.859133 0.070 1 R calc
H8_9_556 H 0.225433 0.364967 1.192467 0.070 1 R calc
H9_7_455 H -0.133833 0.421633 0.801633 0.064 1 R calc
H9_9_556 H 0.222133 0.467167 1.134967 0.064 1 R calc
N1_7_455 N -0.029783 0.403003 0.505203 0.0401(5) 1 . d
N1_9_555 N 0.099453 0.363117 0.838537 0.0401(5) 1 . d
N2_7_455 N -0.089483 0.359913 0.549053 0.0456(6) 1 . d
N2_9_555 N 0.116063 0.422817 0.882387 0.0456(6) 1 . d
N3_7_455 N -0.092363 0.475363 0.460483 0.0385(5) 1 . d
N3_9_555 N 0.234393 0.425697 0.793817 0.0385(5) 1 . d
N4_7_455 N -0.146213 0.424973 0.509133 0.0417(5) 1 . d
N4_9_555 N 0.237853 0.479547 0.842467 0.0417(5) 1 . d
N5_7_455 N -0.026523 0.494843 0.637613 0.0401(5) 1 . d
N5_9_555 N 0.188033 0.359857 0.970947 0.0401(5) 1 . d
N6_7_455 N -0.087153 0.442943 0.668323 0.0415(5) 1 . d
N6_9_556 N 0.196763 0.420487 1.001657 0.0415(5) 1 . d
N7_2_445 N -0.082360 -0.019110 0.412850 0.0458(6) 1 . d
N7_3_545 N 0.019110 -0.063250 0.412850 0.0458(6) 1 . d
S1_2_445 S -0.205240 -0.054280 0.320580 0.0528(2) 1 . d
S1_3_545 S 0.054280 -0.150960 0.320580 0.0528(2) 1 . d
B1_13_555 B 0.466357 0.278523 0.074133 0.0488(8) 1 . d
B1_16_555 B 0.133023 0.611857 0.407467 0.0488(8) 1 . d
B1_18_555 B 0.145500 0.200310 0.740800 0.0488(8) 1 . d
C10_2_445 C -0.133320 -0.034060 0.373130 0.0375(6) 1 . d
C10_3_545 C 0.034060 -0.099260 0.373130 0.0375(6) 1 . d
C1_13_555 C 0.335147 0.299523 0.191933 0.0490(7) 1 . d
C1_16_555 C 0.001813 0.632857 0.525267 0.0490(7) 1 . d
C1_18_555 C 0.297710 0.331520 0.858600 0.0490(7) 1 . d
C2_13_555 C 0.376677 0.367073 0.166833 0.0568(8) 1 . d
C2_16_555 C 0.043343 0.700407 0.500167 0.0568(8) 1 . d
C2_18_555 C 0.323730 0.289990 0.833500 0.0568(8) 1 . d
C3_13_555 C 0.431117 0.369483 0.119733 0.0538(8) 1 . d
C3_16_555 C 0.097783 0.702817 0.453067 0.0538(8) 1 . d
C3_18_555 C 0.271700 0.235550 0.786400 0.0538(8) 1 . d
C4_13_555 C 0.450607 0.165523 0.272233 0.0485(7) 1 . d
C4_16_555 C 0.117273 0.498857 0.605567 0.0485(7) 1 . d
C4_18_555 C 0.048250 0.216060 0.938900 0.0485(7) 1 . d
C5_13_555 C 0.520517 0.199413 0.266833 0.0588(8) 1 . d
C5_16_555 C 0.187183 0.532747 0.600167 0.0588(8) 1 . d
C5_18_555 C 0.012230 0.146150 0.933500 0.0588(8) 1 . d
C6_13_555 C 0.536717 0.246453 0.192433 0.0516(8) 1 . d
C6_16_555 C 0.203383 0.579787 0.525767 0.0516(8) 1 . d
C6_18_555 C 0.043070 0.129950 0.859100 0.0516(8) 1 . d
C7_13_554 C 0.331087 0.132083 -0.048967 0.0476(7) 1 . d
C7_16_455 C -0.002247 0.465417 0.284367 0.0476(7) 1 . d
C7_18_555 C 0.134330 0.335580 0.617700 0.0476(7) 1 . d
C8_13_554 C 0.372987 0.157773 -0.129067 0.0582(8) 1 . d
C8_16_555 C 0.039653 0.491107 0.204267 0.0582(8) 1 . d
C8_18_555 C 0.118120 0.293680 0.537600 0.0582(8) 1 . d
C9_13_554 C 0.429467 0.216103 -0.096967 0.0535(8) 1 . d
C9_16_555 C 0.096133 0.549437 0.236367 0.0535(8) 1 . d
C9_18_555 C 0.119970 0.237200 0.569700 0.0535(8) 1 . d
Fe1_9_555 Fe 0.166733 0.333367 0.833367 0.03438(18) 1 S d
H11_7_455 H -0.175233 0.352433 0.622333 0.059 1 R calc
H11_9_555 H 0.194333 0.508567 0.955667 0.059 1 R calc
H1_13_555 H 0.293867 0.281933 0.225233 0.059 1 R calc
H1_16_455 H -0.039467 0.615267 0.558567 0.059 1 R calc
H1_18_555 H 0.321400 0.372800 0.891900 0.059 1 R calc
H2_13_555 H 0.369167 0.403133 0.179433 0.068 1 R calc
H2_16_555 H 0.035833 0.736467 0.512767 0.068 1 R calc
H2_18_555 H 0.367300 0.297500 0.846100 0.068 1 R calc
H3_13_555 H 0.467967 0.408333 0.093333 0.065 1 R calc
H3_16_555 H 0.134633 0.741667 0.426667 0.065 1 R calc
H3_18_555 H 0.273700 0.198700 0.760000 0.065 1 R calc
H4_13_555 H 0.424467 0.129933 0.315433 0.058 1 R calc
H4_16_555 H 0.091133 0.463267 0.648767 0.058 1 R calc
H4_18_555 H 0.038800 0.242200 0.982100 0.058 1 R calc
H5_13_555 H 0.550367 0.192133 0.305033 0.071 1 R calc
H5_16_555 H 0.217033 0.525467 0.638367 0.071 1 R calc
H5_18_455 H -0.024900 0.116300 0.971700 0.071 1 R calc
H6_13_555 H 0.580467 0.276633 0.170233 0.062 1 R calc
H6_16_555 H 0.247133 0.609967 0.503567 0.062 1 R calc
H6_18_555 H 0.029500 0.086200 0.836900 0.062 1 R calc
H7_13_554 H 0.288667 0.092633 -0.049067 0.057 1 R calc
H7_16_455 H -0.044667 0.425967 0.284267 0.057 1 R calc
H7_18_555 H 0.137300 0.378000 0.617600 0.057 1 R calc
H8_13_554 H 0.364967 0.139533 -0.192467 0.070 1 R calc
H8_16_555 H 0.031633 0.472867 0.140867 0.070 1 R calc
H8_18_555 H 0.107900 0.301700 0.474200 0.070 1 R calc
H9_13_554 H 0.467167 0.245033 -0.134967 0.064 1 R calc
H9_16_555 H 0.133833 0.578367 0.198367 0.064 1 R calc
H9_18_555 H 0.111200 0.199500 0.531700 0.064 1 R calc
N1_13_555 N 0.363117 0.263663 0.161463 0.0401(5) 1 . d
N1_16_555 N 0.029783 0.596997 0.494797 0.0401(5) 1 . d
N1_18_555 N 0.233880 0.303550 0.828130 0.0401(5) 1 . d
N2_13_555 N 0.422817 0.306753 0.117613 0.0456(6) 1 . d
N2_16_555 N 0.089483 0.640087 0.450947 0.0456(6) 1 . d
N2_18_555 N 0.217270 0.243850 0.784280 0.0456(6) 1 . d
N3_13_555 N 0.425697 0.191303 0.206183 0.0385(5) 1 . d
N3_16_555 N 0.092363 0.524637 0.539517 0.0385(5) 1 . d
N3_18_555 N 0.098940 0.240970 0.872850 0.0385(5) 1 . d
N4_13_555 N 0.479547 0.241693 0.157533 0.0417(5) 1 . d
N4_16_555 N 0.146213 0.575027 0.490867 0.0417(5) 1 . d
N4_18_555 N 0.095480 0.187120 0.824200 0.0417(5) 1 . d
N5_13_555 N 0.359857 0.171823 0.029053 0.0401(5) 1 . d
N5_16_555 N 0.026523 0.505157 0.362387 0.0401(5) 1 . d
N5_18_555 N 0.145300 0.306810 0.695720 0.0401(5) 1 . d
N6_13_554 N 0.420487 0.223723 -0.001657 0.0415(5) 1 . d
N6_16_555 N 0.087153 0.557057 0.331677 0.0415(5) 1 . d
N6_18_555 N 0.136570 0.246180 0.665010 0.0415(5) 1 . d
N7_10_445 N -0.063250 -0.082360 0.587150 0.0458(6) 1 . d
N7_11_555 N 0.082360 0.019110 0.587150 0.0458(6) 1 . d
N7_12_455 N -0.019110 0.063250 0.587150 0.0458(6) 1 . d
S1_10_445 S -0.150960 -0.205240 0.679420 0.0528(2) 1 . d
S1_11_555 S 0.205240 0.054280 0.679420 0.0528(2) 1 . d
S1_12_455 S -0.054280 0.150960 0.679420 0.0528(2) 1 . d
C10_10_445 C -0.099260 -0.133320 0.626870 0.0375(6) 1 . d
C10_11_555 C 0.133320 0.034060 0.626870 0.0375(6) 1 . d
C10_12_455 C -0.034060 0.099260 0.626870 0.0375(6) 1 . d
Fe1_16_555 Fe 0.000033 0.499967 0.499967 0.03438(18) 1 S d
H11_13_555 H 0.508567 0.314233 0.044333 0.059 1 R calc
H11_16_555 H 0.175233 0.647567 0.377667 0.059 1 R calc
H11_18_555 H 0.139000 0.158100 0.711000 0.059 1 R calc
loop_
_cod_molecule_atom_label
_cod_molecule_atom_orig_label
_cod_molecule_atom_symmetry
_cod_molecule_atom_symop_id
_cod_molecule_atom_symop_xyz
_cod_molecule_atom_transl_id
_cod_molecule_atom_transl_x
_cod_molecule_atom_transl_y
_cod_molecule_atom_transl_z
_cod_molecule_atom_mult
_cod_molecule_atom_mult_ratio
B1 B1 1_555 1 x,y,z 555 0 0 0 18 1
C1 C1 1_555 1 x,y,z 555 0 0 0 18 1
C4 C4 1_555 1 x,y,z 555 0 0 0 18 1
C5 C5 1_555 1 x,y,z 555 0 0 0 18 1
C6 C6 1_555 1 x,y,z 555 0 0 0 18 1
C7 C7 1_555 1 x,y,z 555 0 0 0 18 1
C8 C8 1_555 1 x,y,z 555 0 0 0 18 1
C9 C9 1_555 1 x,y,z 555 0 0 0 18 1
H1 H1 1_555 1 x,y,z 555 0 0 0 18 1
H4 H4 1_555 1 x,y,z 555 0 0 0 18 1
H5 H5 1_555 1 x,y,z 555 0 0 0 18 1
H6 H6 1_555 1 x,y,z 555 0 0 0 18 1
H7 H7 1_555 1 x,y,z 555 0 0 0 18 1
H8 H8 1_555 1 x,y,z 555 0 0 0 18 1
H9 H9 1_555 1 x,y,z 555 0 0 0 18 1
N1 N1 1_555 1 x,y,z 555 0 0 0 18 1
N2 N2 1_555 1 x,y,z 555 0 0 0 18 1
N3 N3 1_555 1 x,y,z 555 0 0 0 18 1
N4 N4 1_555 1 x,y,z 555 0 0 0 18 1
N5 N5 1_555 1 x,y,z 555 0 0 0 18 1
N6 N6 1_555 1 x,y,z 555 0 0 0 18 1
N7 N7 1_555 1 x,y,z 555 0 0 0 18 1
S1 S1 1_555 1 x,y,z 555 0 0 0 18 1
C10 C10 1_555 1 x,y,z 555 0 0 0 18 1
Fe1 Fe1 1_555 1 x,y,z 555 0 0 0 9 2
Fe2 Fe2 1_555 1 x,y,z 555 0 0 0 3 6
H11 H11 1_555 1 x,y,z 555 0 0 0 18 1
B1_7_455 B1 7_455 7 x+1/3,y+2/3,z+2/3 455 -1 0 0 18 1
B1_9_555 B1 9_555 9 -x+y+1/3,-x+2/3,z+2/3 555 0 0 0 18 1
C1_7_455 C1 7_455 7 x+1/3,y+2/3,z+2/3 455 -1 0 0 18 1
C1_9_555 C1 9_555 9 -x+y+1/3,-x+2/3,z+2/3 555 0 0 0 18 1
C2_1_545 C2 1_545 1 x,y,z 545 0 -1 0 18 1
C2_7_455 C2 7_455 7 x+1/3,y+2/3,z+2/3 455 -1 0 0 18 1
C2_9_555 C2 9_555 9 -x+y+1/3,-x+2/3,z+2/3 555 0 0 0 18 1
C3_1_545 C3 1_545 1 x,y,z 545 0 -1 0 18 1
C3_7_455 C3 7_455 7 x+1/3,y+2/3,z+2/3 455 -1 0 0 18 1
C3_9_555 C3 9_555 9 -x+y+1/3,-x+2/3,z+2/3 555 0 0 0 18 1
C4_7_455 C4 7_455 7 x+1/3,y+2/3,z+2/3 455 -1 0 0 18 1
C4_9_555 C4 9_555 9 -x+y+1/3,-x+2/3,z+2/3 555 0 0 0 18 1
C5_7_455 C5 7_455 7 x+1/3,y+2/3,z+2/3 455 -1 0 0 18 1
C5_9_555 C5 9_555 9 -x+y+1/3,-x+2/3,z+2/3 555 0 0 0 18 1
C6_7_455 C6 7_455 7 x+1/3,y+2/3,z+2/3 455 -1 0 0 18 1
C6_9_555 C6 9_555 9 -x+y+1/3,-x+2/3,z+2/3 555 0 0 0 18 1
C7_7_555 C7 7_555 7 x+1/3,y+2/3,z+2/3 555 0 0 0 18 1
C7_9_556 C7 9_556 9 -x+y+1/3,-x+2/3,z+2/3 556 0 0 1 18 1
C8_7_455 C8 7_455 7 x+1/3,y+2/3,z+2/3 455 -1 0 0 18 1
C8_9_556 C8 9_556 9 -x+y+1/3,-x+2/3,z+2/3 556 0 0 1 18 1
C9_7_455 C9 7_455 7 x+1/3,y+2/3,z+2/3 455 -1 0 0 18 1
C9_9_556 C9 9_556 9 -x+y+1/3,-x+2/3,z+2/3 556 0 0 1 18 1
H1_7_555 H1 7_555 7 x+1/3,y+2/3,z+2/3 555 0 0 0 18 1
H1_9_555 H1 9_555 9 -x+y+1/3,-x+2/3,z+2/3 555 0 0 0 18 1
H2_1_545 H2 1_545 1 x,y,z 545 0 -1 0 18 1
H2_7_455 H2 7_455 7 x+1/3,y+2/3,z+2/3 455 -1 0 0 18 1
H2_9_455 H2 9_455 9 -x+y+1/3,-x+2/3,z+2/3 455 -1 0 0 18 1
H3_1_545 H3 1_545 1 x,y,z 545 0 -1 0 18 1
H3_7_455 H3 7_455 7 x+1/3,y+2/3,z+2/3 455 -1 0 0 18 1
H3_9_555 H3 9_555 9 -x+y+1/3,-x+2/3,z+2/3 555 0 0 0 18 1
H4_7_455 H4 7_455 7 x+1/3,y+2/3,z+2/3 455 -1 0 0 18 1
H4_9_555 H4 9_555 9 -x+y+1/3,-x+2/3,z+2/3 555 0 0 0 18 1
H5_7_455 H5 7_455 7 x+1/3,y+2/3,z+2/3 455 -1 0 0 18 1
H5_9_555 H5 9_555 9 -x+y+1/3,-x+2/3,z+2/3 555 0 0 0 18 1
H6_7_455 H6 7_455 7 x+1/3,y+2/3,z+2/3 455 -1 0 0 18 1
H6_9_555 H6 9_555 9 -x+y+1/3,-x+2/3,z+2/3 555 0 0 0 18 1
H7_7_555 H7 7_555 7 x+1/3,y+2/3,z+2/3 555 0 0 0 18 1
H7_9_556 H7 9_556 9 -x+y+1/3,-x+2/3,z+2/3 556 0 0 1 18 1
H8_7_455 H8 7_455 7 x+1/3,y+2/3,z+2/3 455 -1 0 0 18 1
H8_9_556 H8 9_556 9 -x+y+1/3,-x+2/3,z+2/3 556 0 0 1 18 1
H9_7_455 H9 7_455 7 x+1/3,y+2/3,z+2/3 455 -1 0 0 18 1
H9_9_556 H9 9_556 9 -x+y+1/3,-x+2/3,z+2/3 556 0 0 1 18 1
N1_7_455 N1 7_455 7 x+1/3,y+2/3,z+2/3 455 -1 0 0 18 1
N1_9_555 N1 9_555 9 -x+y+1/3,-x+2/3,z+2/3 555 0 0 0 18 1
N2_7_455 N2 7_455 7 x+1/3,y+2/3,z+2/3 455 -1 0 0 18 1
N2_9_555 N2 9_555 9 -x+y+1/3,-x+2/3,z+2/3 555 0 0 0 18 1
N3_7_455 N3 7_455 7 x+1/3,y+2/3,z+2/3 455 -1 0 0 18 1
N3_9_555 N3 9_555 9 -x+y+1/3,-x+2/3,z+2/3 555 0 0 0 18 1
N4_7_455 N4 7_455 7 x+1/3,y+2/3,z+2/3 455 -1 0 0 18 1
N4_9_555 N4 9_555 9 -x+y+1/3,-x+2/3,z+2/3 555 0 0 0 18 1
N5_7_455 N5 7_455 7 x+1/3,y+2/3,z+2/3 455 -1 0 0 18 1
N5_9_555 N5 9_555 9 -x+y+1/3,-x+2/3,z+2/3 555 0 0 0 18 1
N6_7_455 N6 7_455 7 x+1/3,y+2/3,z+2/3 455 -1 0 0 18 1
N6_9_556 N6 9_556 9 -x+y+1/3,-x+2/3,z+2/3 556 0 0 1 18 1
N7_2_445 N7 2_445 2 -y,x-y,z 445 -1 -1 0 18 1
N7_3_545 N7 3_545 3 -x+y,-x,z 545 0 -1 0 18 1
S1_2_445 S1 2_445 2 -y,x-y,z 445 -1 -1 0 18 1
S1_3_545 S1 3_545 3 -x+y,-x,z 545 0 -1 0 18 1
B1_13_555 B1 13_555 13 -x+2/3,-y+1/3,-z+1/3 555 0 0 0 18 1
B1_16_555 B1 16_555 16 -x+1/3,-y+2/3,-z+2/3 555 0 0 0 18 1
B1_18_555 B1 18_555 18 x-y+1/3,x+2/3,-z+2/3 555 0 0 0 18 1
C10_2_445 C10 2_445 2 -y,x-y,z 445 -1 -1 0 18 1
C10_3_545 C10 3_545 3 -x+y,-x,z 545 0 -1 0 18 1
C1_13_555 C1 13_555 13 -x+2/3,-y+1/3,-z+1/3 555 0 0 0 18 1
C1_16_555 C1 16_555 16 -x+1/3,-y+2/3,-z+2/3 555 0 0 0 18 1
C1_18_555 C1 18_555 18 x-y+1/3,x+2/3,-z+2/3 555 0 0 0 18 1
C2_13_555 C2 13_555 13 -x+2/3,-y+1/3,-z+1/3 555 0 0 0 18 1
C2_16_555 C2 16_555 16 -x+1/3,-y+2/3,-z+2/3 555 0 0 0 18 1
C2_18_555 C2 18_555 18 x-y+1/3,x+2/3,-z+2/3 555 0 0 0 18 1
C3_13_555 C3 13_555 13 -x+2/3,-y+1/3,-z+1/3 555 0 0 0 18 1
C3_16_555 C3 16_555 16 -x+1/3,-y+2/3,-z+2/3 555 0 0 0 18 1
C3_18_555 C3 18_555 18 x-y+1/3,x+2/3,-z+2/3 555 0 0 0 18 1
C4_13_555 C4 13_555 13 -x+2/3,-y+1/3,-z+1/3 555 0 0 0 18 1
C4_16_555 C4 16_555 16 -x+1/3,-y+2/3,-z+2/3 555 0 0 0 18 1
C4_18_555 C4 18_555 18 x-y+1/3,x+2/3,-z+2/3 555 0 0 0 18 1
C5_13_555 C5 13_555 13 -x+2/3,-y+1/3,-z+1/3 555 0 0 0 18 1
C5_16_555 C5 16_555 16 -x+1/3,-y+2/3,-z+2/3 555 0 0 0 18 1
C5_18_555 C5 18_555 18 x-y+1/3,x+2/3,-z+2/3 555 0 0 0 18 1
C6_13_555 C6 13_555 13 -x+2/3,-y+1/3,-z+1/3 555 0 0 0 18 1
C6_16_555 C6 16_555 16 -x+1/3,-y+2/3,-z+2/3 555 0 0 0 18 1
C6_18_555 C6 18_555 18 x-y+1/3,x+2/3,-z+2/3 555 0 0 0 18 1
C7_13_554 C7 13_554 13 -x+2/3,-y+1/3,-z+1/3 554 0 0 -1 18 1
C7_16_455 C7 16_455 16 -x+1/3,-y+2/3,-z+2/3 455 -1 0 0 18 1
C7_18_555 C7 18_555 18 x-y+1/3,x+2/3,-z+2/3 555 0 0 0 18 1
C8_13_554 C8 13_554 13 -x+2/3,-y+1/3,-z+1/3 554 0 0 -1 18 1
C8_16_555 C8 16_555 16 -x+1/3,-y+2/3,-z+2/3 555 0 0 0 18 1
C8_18_555 C8 18_555 18 x-y+1/3,x+2/3,-z+2/3 555 0 0 0 18 1
C9_13_554 C9 13_554 13 -x+2/3,-y+1/3,-z+1/3 554 0 0 -1 18 1
C9_16_555 C9 16_555 16 -x+1/3,-y+2/3,-z+2/3 555 0 0 0 18 1
C9_18_555 C9 18_555 18 x-y+1/3,x+2/3,-z+2/3 555 0 0 0 18 1
Fe1_9_555 Fe1 9_555 9 -x+y+1/3,-x+2/3,z+2/3 555 0 0 0 9 2
H11_7_455 H11 7_455 7 x+1/3,y+2/3,z+2/3 455 -1 0 0 18 1
H11_9_555 H11 9_555 9 -x+y+1/3,-x+2/3,z+2/3 555 0 0 0 18 1
H1_13_555 H1 13_555 13 -x+2/3,-y+1/3,-z+1/3 555 0 0 0 18 1
H1_16_455 H1 16_455 16 -x+1/3,-y+2/3,-z+2/3 455 -1 0 0 18 1
H1_18_555 H1 18_555 18 x-y+1/3,x+2/3,-z+2/3 555 0 0 0 18 1
H2_13_555 H2 13_555 13 -x+2/3,-y+1/3,-z+1/3 555 0 0 0 18 1
H2_16_555 H2 16_555 16 -x+1/3,-y+2/3,-z+2/3 555 0 0 0 18 1
H2_18_555 H2 18_555 18 x-y+1/3,x+2/3,-z+2/3 555 0 0 0 18 1
H3_13_555 H3 13_555 13 -x+2/3,-y+1/3,-z+1/3 555 0 0 0 18 1
H3_16_555 H3 16_555 16 -x+1/3,-y+2/3,-z+2/3 555 0 0 0 18 1
H3_18_555 H3 18_555 18 x-y+1/3,x+2/3,-z+2/3 555 0 0 0 18 1
H4_13_555 H4 13_555 13 -x+2/3,-y+1/3,-z+1/3 555 0 0 0 18 1
H4_16_555 H4 16_555 16 -x+1/3,-y+2/3,-z+2/3 555 0 0 0 18 1
H4_18_555 H4 18_555 18 x-y+1/3,x+2/3,-z+2/3 555 0 0 0 18 1
H5_13_555 H5 13_555 13 -x+2/3,-y+1/3,-z+1/3 555 0 0 0 18 1
H5_16_555 H5 16_555 16 -x+1/3,-y+2/3,-z+2/3 555 0 0 0 18 1
H5_18_455 H5 18_455 18 x-y+1/3,x+2/3,-z+2/3 455 -1 0 0 18 1
H6_13_555 H6 13_555 13 -x+2/3,-y+1/3,-z+1/3 555 0 0 0 18 1
H6_16_555 H6 16_555 16 -x+1/3,-y+2/3,-z+2/3 555 0 0 0 18 1
H6_18_555 H6 18_555 18 x-y+1/3,x+2/3,-z+2/3 555 0 0 0 18 1
H7_13_554 H7 13_554 13 -x+2/3,-y+1/3,-z+1/3 554 0 0 -1 18 1
H7_16_455 H7 16_455 16 -x+1/3,-y+2/3,-z+2/3 455 -1 0 0 18 1
H7_18_555 H7 18_555 18 x-y+1/3,x+2/3,-z+2/3 555 0 0 0 18 1
H8_13_554 H8 13_554 13 -x+2/3,-y+1/3,-z+1/3 554 0 0 -1 18 1
H8_16_555 H8 16_555 16 -x+1/3,-y+2/3,-z+2/3 555 0 0 0 18 1
H8_18_555 H8 18_555 18 x-y+1/3,x+2/3,-z+2/3 555 0 0 0 18 1
H9_13_554 H9 13_554 13 -x+2/3,-y+1/3,-z+1/3 554 0 0 -1 18 1
H9_16_555 H9 16_555 16 -x+1/3,-y+2/3,-z+2/3 555 0 0 0 18 1
H9_18_555 H9 18_555 18 x-y+1/3,x+2/3,-z+2/3 555 0 0 0 18 1
N1_13_555 N1 13_555 13 -x+2/3,-y+1/3,-z+1/3 555 0 0 0 18 1
N1_16_555 N1 16_555 16 -x+1/3,-y+2/3,-z+2/3 555 0 0 0 18 1
N1_18_555 N1 18_555 18 x-y+1/3,x+2/3,-z+2/3 555 0 0 0 18 1
N2_13_555 N2 13_555 13 -x+2/3,-y+1/3,-z+1/3 555 0 0 0 18 1
N2_16_555 N2 16_555 16 -x+1/3,-y+2/3,-z+2/3 555 0 0 0 18 1
N2_18_555 N2 18_555 18 x-y+1/3,x+2/3,-z+2/3 555 0 0 0 18 1
N3_13_555 N3 13_555 13 -x+2/3,-y+1/3,-z+1/3 555 0 0 0 18 1
N3_16_555 N3 16_555 16 -x+1/3,-y+2/3,-z+2/3 555 0 0 0 18 1
N3_18_555 N3 18_555 18 x-y+1/3,x+2/3,-z+2/3 555 0 0 0 18 1
N4_13_555 N4 13_555 13 -x+2/3,-y+1/3,-z+1/3 555 0 0 0 18 1
N4_16_555 N4 16_555 16 -x+1/3,-y+2/3,-z+2/3 555 0 0 0 18 1
N4_18_555 N4 18_555 18 x-y+1/3,x+2/3,-z+2/3 555 0 0 0 18 1
N5_13_555 N5 13_555 13 -x+2/3,-y+1/3,-z+1/3 555 0 0 0 18 1
N5_16_555 N5 16_555 16 -x+1/3,-y+2/3,-z+2/3 555 0 0 0 18 1
N5_18_555 N5 18_555 18 x-y+1/3,x+2/3,-z+2/3 555 0 0 0 18 1
N6_13_554 N6 13_554 13 -x+2/3,-y+1/3,-z+1/3 554 0 0 -1 18 1
N6_16_555 N6 16_555 16 -x+1/3,-y+2/3,-z+2/3 555 0 0 0 18 1
N6_18_555 N6 18_555 18 x-y+1/3,x+2/3,-z+2/3 555 0 0 0 18 1
N7_10_445 N7 10_445 10 -x,-y,-z 445 -1 -1 0 18 1
N7_11_555 N7 11_555 11 y,-x+y,-z 555 0 0 0 18 1
N7_12_455 N7 12_455 12 x-y,x,-z 455 -1 0 0 18 1
S1_10_445 S1 10_445 10 -x,-y,-z 445 -1 -1 0 18 1
S1_11_555 S1 11_555 11 y,-x+y,-z 555 0 0 0 18 1
S1_12_455 S1 12_455 12 x-y,x,-z 455 -1 0 0 18 1
C10_10_445 C10 10_445 10 -x,-y,-z 445 -1 -1 0 18 1
C10_11_555 C10 11_555 11 y,-x+y,-z 555 0 0 0 18 1
C10_12_455 C10 12_455 12 x-y,x,-z 455 -1 0 0 18 1
Fe1_16_555 Fe1 16_555 16 -x+1/3,-y+2/3,-z+2/3 555 0 0 0 9 2
H11_13_555 H11 13_555 13 -x+2/3,-y+1/3,-z+1/3 555 0 0 0 18 1
H11_16_555 H11 16_555 16 -x+1/3,-y+2/3,-z+2/3 555 0 0 0 18 1
H11_18_555 H11 18_555 18 x-y+1/3,x+2/3,-z+2/3 555 0 0 0 18 1
loop_
_cod_molecule_transform_label
_cod_molecule_transform_symop
Fe1 -x+2/3,-y+1/3,-z+1/3
Fe2 -y,x-y,z
Fe2 -x+y,-x,z
Fe2 -x,-y,-z
Fe2 y,-x+y,-z
Fe2 x-y,x,-z
Fe1_9_555 -x+2/3,-y+1/3,-z+1/3
Fe1_16_555 -x+2/3,-y+1/3,-z+1/3
