scripts/cif_cod_check: tests/cases/cif_cod_check_065.inp data_1101137: WARNING, data item '_refine_ls_R_factor_obs' value '0.1933' is > 0.15.
scripts/cif_cod_check: tests/cases/cif_cod_check_065.inp: NOTE, 1 WARNING(s) encountered.
