scripts/cif_molecule: tests/cases/cif_molecule_061.inp data_2231955: WARNING, multiplicity ratios are given instead of multiplicities for 39 atoms -- taking calculated values.
data_2231955
loop_
_publ_author_name
'Wei, Bin'
_publ_section_title
;
 Dimethyl(4-methylphenyl)ammonium naphthalene-1,5-disulfonate dihydrate
;
_journal_issue                   10
_journal_name_full               'Acta Crystallographica Section E'
_journal_page_first              o2678
_journal_volume                  67
_journal_year                    2011
_[local]_cod_src_chemical_formula_iupac '2C9 H14 N +, C10 H6 O6 S2 2-, 2H2 O'
_[local]_cod_src_chemical_formula_moiety
'2(C9 H14 N +), C10 H6 O6 S2 2-, 2(H2 O)'
_[local]_cod_src_chemical_formula_sum 'C28 H38 N2 O8 S2'
_cell_angle_alpha                109.59(3)
_cell_angle_beta                 115.79(3)
_cell_angle_gamma                98.39(3)
_cell_length_a                   9.2660(19)
_cell_length_b                   9.882(2)
_cell_length_c                   10.260(2)
_cell_measurement_temperature    293(2)
_diffrn_ambient_temperature      293(2)
_diffrn_radiation_monochromator  graphite
_diffrn_radiation_source         'fine-focus sealed tube'
_diffrn_radiation_type           MoK\a
_diffrn_radiation_wavelength     0.71073
_diffrn_reflns_limit_h_max       12
_diffrn_reflns_limit_h_min       -12
_diffrn_reflns_limit_k_max       12
_diffrn_reflns_limit_k_min       -12
_diffrn_reflns_limit_l_max       13
_diffrn_reflns_limit_l_min       -13
_diffrn_reflns_theta_full        27.48
_diffrn_reflns_theta_max         27.48
_[local]_cod_src_refine_ls_R_factor_all 0.0481
_[local]_cod_src_refine_ls_R_factor_gt 0.0400
_[local]_cod_src_refine_ls_wR_factor_gt 0.1089
_[local]_cod_src_refine_ls_wR_factor_ref 0.1147
_audit_creation_method
'Id: <script_name> <revision_nr> <date> <time> <author>'
_chemical_formula_sum            'C28 H38 N2 O8 S2'
_cod_data_source_file            cif_molecule_061.inp
_cod_data_source_block           2231955
_cell_formula_units_Z            1
_space_group_name_H-M_alt        'P 1'
_cod_molecule_space_group_IT_number 2
_cod_molecule_is_polymer         no
loop_
_space_group_symop_operation_xyz
'x, y, z'
loop_
_atom_site_label
_atom_site_type_symbol
_atom_site_fract_x
_atom_site_fract_y
_atom_site_fract_z
_atom_site_U_iso_or_equiv
_atom_site_occupancy
_atom_site_refinement_flags
_atom_site_calc_flag
C1 C 0.531600 0.424400 0.307300 0.0732(7) 1 . d
C2 C 0.433800 0.256700 0.195000 0.0487(4) 1 . d
C3 C 0.351400 0.203400 0.030000 0.0649(6) 1 . d
C7 C 0.422000 0.151600 0.254800 0.0495(5) 1 . d
H7 H 0.477900 0.184800 0.366100 0.059 1 R d
O1 O 0.296930 0.750440 0.329820 0.0444(3) 1 . d
O2 O 0.103840 0.625320 0.387910 0.0482(3) 1 . d
O4 O 0.264010 0.607040 0.022230 0.0468(3) 1 . d
S1 S 0.132410 0.724410 0.318910 0.03323(14) 1 . d
C16 C 0.138370 0.906990 0.439050 0.0294(3) 1 . d
H1A H 0.582500 0.469000 0.260700 0.110 1 R calc
H1B H 0.619400 0.436600 0.409600 0.110 1 R calc
H1C H 0.455200 0.474600 0.323200 0.110 1 R calc
H4A H 0.268000 0.640000 0.111000 0.073(8) 1 . d
C1_2_555 C 0.468400 0.575600 0.692700 0.0732(7) 1 . d
C2_2_555 C 0.566200 0.743300 0.805000 0.0487(4) 1 . d
C3_2_555 C 0.648600 0.796600 0.970000 0.0649(6) 1 . d
C4_1_554 C 0.257900 0.050200 -0.075200 0.0590(6) 1 . d
C4_2_556 C 0.742100 0.949800 1.075200 0.0590(6) 1 . d
C5_1_544 C 0.246400 -0.051510 -0.013100 0.0369(4) 1 . d
C5_2_566 C 0.753600 1.051510 1.013100 0.0369(4) 1 . d
C6_1_545 C 0.328300 -0.002100 0.151600 0.0442(4) 1 . d
C6_2_565 C 0.671700 1.002100 0.848400 0.0442(4) 1 . d
C7_2_555 C 0.578000 0.848400 0.745200 0.0495(5) 1 . d
C9_1_544 C 0.137200 -0.277300 -0.276600 0.0580(5) 1 . d
C9_2_566 C 0.862800 1.277300 1.276600 0.0580(5) 1 . d
H3_1_554 H 0.358700 0.272200 -0.012300 0.078 1 R d
H3_2_556 H 0.641300 0.727800 1.012300 0.078 1 R d
H4_1_554 H 0.203500 0.016700 -0.186500 0.071 1 R d
H4_2_556 H 0.796500 0.983300 1.186500 0.071 1 R d
H6_1_545 H 0.320900 -0.071400 0.193300 0.053 1 R d
H6_2_565 H 0.679100 1.071400 0.806700 0.053 1 R d
H7_2_555 H 0.522100 0.815200 0.633900 0.059 1 R d
N1_1_544 N 0.141010 -0.214780 -0.120730 0.0374(3) 1 . d
N1_2_566 N 0.858990 1.214780 1.120730 0.0374(3) 1 . d
O1_2_465 O -0.296930 1.249560 0.670180 0.0444(3) 1 . d
O2_2_465 O -0.103840 1.374680 0.612090 0.0482(3) 1 . d
O3_1_455 O -0.007650 0.677420 0.155680 0.0466(3) 1 . d
O3_2_565 O 0.007650 1.322580 0.844320 0.0466(3) 1 . d
O4_2_555 O 0.735990 0.392960 0.977770 0.0468(3) 1 . d
S1_2_465 S -0.132410 1.275590 0.681090 0.03323(14) 1 . d
C10_1_444 C -0.036200 -0.244600 -0.151800 0.0573(5) 1 . d
C10_2_666 C 1.036200 1.244600 1.151800 0.0573(5) 1 . d
C11_1_565 C 0.284300 1.029320 0.517600 0.0371(4) 1 . d
C11_2_455 C -0.284300 0.970680 0.482400 0.0371(4) 1 . d
C15_1_455 C -0.006080 0.925100 0.452030 0.0275(3) 1 . d
C15_2_565 C 0.006080 1.074900 0.547970 0.0275(3) 1 . d
C16_2_465 C -0.138370 1.093010 0.560950 0.0294(3) 1 . d
C17_1_455 C -0.160500 0.801220 0.374000 0.0350(3) 1 . d
C17_2_565 C 0.160500 1.198780 0.626000 0.0350(3) 1 . d
C18_1_455 C -0.294900 0.824210 0.388300 0.0412(4) 1 . d
C18_2_565 C 0.294900 1.175790 0.611700 0.0412(4) 1 . d
H10_1_544 H 0.186000 -0.267000 -0.068000 0.043(5) 1 . d
H10_2_566 H 0.814000 1.267000 1.068000 0.043(5) 1 . d
H11_1_565 H 0.377500 1.015700 0.508800 0.045 1 R d
H11_2_455 H -0.377500 0.984300 0.491200 0.045 1 R d
H17_1_455 H -0.169500 0.703200 0.312400 0.042 1 R d
H17_2_565 H 0.169500 1.296800 0.687600 0.042 1 R d
H18_1_455 H -0.395400 0.741900 0.335100 0.049 1 R d
H18_2_565 H 0.395400 1.258100 0.664900 0.049 1 R d
H1A_2_555 H 0.417500 0.531000 0.739300 0.110 1 R calc
H1B_2_555 H 0.380600 0.563400 0.590400 0.110 1 R calc
H1C_2_555 H 0.544800 0.525400 0.676800 0.110 1 R calc
H4A_2_555 H 0.732000 0.360000 0.889000 0.073(8) 1 . d
H4B_1_554 H 0.187000 0.519000 -0.036000 0.075(8) 1 . d
H4B_2_556 H 0.813000 0.481000 1.036000 0.075(8) 1 . d
H9A_1_544 H 0.070400 -0.236900 -0.345400 0.087 1 R calc
H9A_2_566 H 0.929600 1.236900 1.345400 0.087 1 R calc
H9B_1_544 H 0.087200 -0.386800 -0.329100 0.087 1 R calc
H9B_2_566 H 0.912800 1.386800 1.329100 0.087 1 R calc
H9C_1_544 H 0.251500 -0.248500 -0.255600 0.087 1 R calc
H9C_2_566 H 0.748500 1.248500 1.255600 0.087 1 R calc
H10A_1_444 H -0.032500 -0.213500 -0.050800 0.086 1 R calc
H10A_2_666 H 1.032500 1.213500 1.050800 0.086 1 R calc
H10B_1_444 H -0.100600 -0.351900 -0.218600 0.086 1 R calc
H10B_2_666 H 1.100600 1.351900 1.218600 0.086 1 R calc
H10C_1_444 H -0.089700 -0.187700 -0.206000 0.086 1 R calc
H10C_2_666 H 1.089700 1.187700 1.206000 0.086 1 R calc
loop_
_cod_molecule_atom_label
_cod_molecule_atom_orig_label
_cod_molecule_atom_symmetry
_cod_molecule_atom_symop_id
_cod_molecule_atom_symop_xyz
_cod_molecule_atom_transl_id
_cod_molecule_atom_transl_x
_cod_molecule_atom_transl_y
_cod_molecule_atom_transl_z
_cod_molecule_atom_mult
_cod_molecule_atom_mult_ratio
C1 C1 1_555 1 x,y,z 555 0 0 0 2 1
C2 C2 1_555 1 x,y,z 555 0 0 0 2 1
C3 C3 1_555 1 x,y,z 555 0 0 0 2 1
C7 C7 1_555 1 x,y,z 555 0 0 0 2 1
H7 H7 1_555 1 x,y,z 555 0 0 0 2 1
O1 O1 1_555 1 x,y,z 555 0 0 0 2 1
O2 O2 1_555 1 x,y,z 555 0 0 0 2 1
O4 O4 1_555 1 x,y,z 555 0 0 0 2 1
S1 S1 1_555 1 x,y,z 555 0 0 0 2 1
C16 C16 1_555 1 x,y,z 555 0 0 0 2 1
H1A H1A 1_555 1 x,y,z 555 0 0 0 2 1
H1B H1B 1_555 1 x,y,z 555 0 0 0 2 1
H1C H1C 1_555 1 x,y,z 555 0 0 0 2 1
H4A H4A 1_555 1 x,y,z 555 0 0 0 2 1
C1_2_555 C1 2_555 2 -x,-y,-z 555 0 0 0 2 1
C2_2_555 C2 2_555 2 -x,-y,-z 555 0 0 0 2 1
C3_2_555 C3 2_555 2 -x,-y,-z 555 0 0 0 2 1
C4_1_554 C4 1_554 1 x,y,z 554 0 0 -1 2 1
C4_2_556 C4 2_556 2 -x,-y,-z 556 0 0 1 2 1
C5_1_544 C5 1_544 1 x,y,z 544 0 -1 -1 2 1
C5_2_566 C5 2_566 2 -x,-y,-z 566 0 1 1 2 1
C6_1_545 C6 1_545 1 x,y,z 545 0 -1 0 2 1
C6_2_565 C6 2_565 2 -x,-y,-z 565 0 1 0 2 1
C7_2_555 C7 2_555 2 -x,-y,-z 555 0 0 0 2 1
C9_1_544 C9 1_544 1 x,y,z 544 0 -1 -1 2 1
C9_2_566 C9 2_566 2 -x,-y,-z 566 0 1 1 2 1
H3_1_554 H3 1_554 1 x,y,z 554 0 0 -1 2 1
H3_2_556 H3 2_556 2 -x,-y,-z 556 0 0 1 2 1
H4_1_554 H4 1_554 1 x,y,z 554 0 0 -1 2 1
H4_2_556 H4 2_556 2 -x,-y,-z 556 0 0 1 2 1
H6_1_545 H6 1_545 1 x,y,z 545 0 -1 0 2 1
H6_2_565 H6 2_565 2 -x,-y,-z 565 0 1 0 2 1
H7_2_555 H7 2_555 2 -x,-y,-z 555 0 0 0 2 1
N1_1_544 N1 1_544 1 x,y,z 544 0 -1 -1 2 1
N1_2_566 N1 2_566 2 -x,-y,-z 566 0 1 1 2 1
O1_2_465 O1 2_465 2 -x,-y,-z 465 -1 1 0 2 1
O2_2_465 O2 2_465 2 -x,-y,-z 465 -1 1 0 2 1
O3_1_455 O3 1_455 1 x,y,z 455 -1 0 0 2 1
O3_2_565 O3 2_565 2 -x,-y,-z 565 0 1 0 2 1
O4_2_555 O4 2_555 2 -x,-y,-z 555 0 0 0 2 1
S1_2_465 S1 2_465 2 -x,-y,-z 465 -1 1 0 2 1
C10_1_444 C10 1_444 1 x,y,z 444 -1 -1 -1 2 1
C10_2_666 C10 2_666 2 -x,-y,-z 666 1 1 1 2 1
C11_1_565 C11 1_565 1 x,y,z 565 0 1 0 2 1
C11_2_455 C11 2_455 2 -x,-y,-z 455 -1 0 0 2 1
C15_1_455 C15 1_455 1 x,y,z 455 -1 0 0 2 1
C15_2_565 C15 2_565 2 -x,-y,-z 565 0 1 0 2 1
C16_2_465 C16 2_465 2 -x,-y,-z 465 -1 1 0 2 1
C17_1_455 C17 1_455 1 x,y,z 455 -1 0 0 2 1
C17_2_565 C17 2_565 2 -x,-y,-z 565 0 1 0 2 1
C18_1_455 C18 1_455 1 x,y,z 455 -1 0 0 2 1
C18_2_565 C18 2_565 2 -x,-y,-z 565 0 1 0 2 1
H10_1_544 H10 1_544 1 x,y,z 544 0 -1 -1 2 1
H10_2_566 H10 2_566 2 -x,-y,-z 566 0 1 1 2 1
H11_1_565 H11 1_565 1 x,y,z 565 0 1 0 2 1
H11_2_455 H11 2_455 2 -x,-y,-z 455 -1 0 0 2 1
H17_1_455 H17 1_455 1 x,y,z 455 -1 0 0 2 1
H17_2_565 H17 2_565 2 -x,-y,-z 565 0 1 0 2 1
H18_1_455 H18 1_455 1 x,y,z 455 -1 0 0 2 1
H18_2_565 H18 2_565 2 -x,-y,-z 565 0 1 0 2 1
H1A_2_555 H1A 2_555 2 -x,-y,-z 555 0 0 0 2 1
H1B_2_555 H1B 2_555 2 -x,-y,-z 555 0 0 0 2 1
H1C_2_555 H1C 2_555 2 -x,-y,-z 555 0 0 0 2 1
H4A_2_555 H4A 2_555 2 -x,-y,-z 555 0 0 0 2 1
H4B_1_554 H4B 1_554 1 x,y,z 554 0 0 -1 2 1
H4B_2_556 H4B 2_556 2 -x,-y,-z 556 0 0 1 2 1
H9A_1_544 H9A 1_544 1 x,y,z 544 0 -1 -1 2 1
H9A_2_566 H9A 2_566 2 -x,-y,-z 566 0 1 1 2 1
H9B_1_544 H9B 1_544 1 x,y,z 544 0 -1 -1 2 1
H9B_2_566 H9B 2_566 2 -x,-y,-z 566 0 1 1 2 1
H9C_1_544 H9C 1_544 1 x,y,z 544 0 -1 -1 2 1
H9C_2_566 H9C 2_566 2 -x,-y,-z 566 0 1 1 2 1
H10A_1_444 H10A 1_444 1 x,y,z 444 -1 -1 -1 2 1
H10A_2_666 H10A 2_666 2 -x,-y,-z 666 1 1 1 2 1
H10B_1_444 H10B 1_444 1 x,y,z 444 -1 -1 -1 2 1
H10B_2_666 H10B 2_666 2 -x,-y,-z 666 1 1 1 2 1
H10C_1_444 H10C 1_444 1 x,y,z 444 -1 -1 -1 2 1
H10C_2_666 H10C 2_666 2 -x,-y,-z 666 1 1 1 2 1
