scripts/cod2rdf:: ERROR, could not connect to the database -- unknown server host 'not-a-real-address' (<error code>).
scripts/cod2rdf:: ERROR, 1 ERROR(s) encountered -- die on ERROR(s) requested.
