data_fully
loop_
_cod_related_entry_id
_cod_related_entry_database
_cod_related_entry_code
_cod_related_entry_description
_cod_related_entry_uri
1 Database ID 'An entry' http://www.uri.com
2 'COD on a ROD' F15H 'It might struggle!' http://www.fishonastick.com
