scripts/ddlm_validate: tests/inputs/ddlm_validate/dic/faulty/ddlm_faulty_type_ref.dic: WARNING, definition of the '_faulty_type_ref.byreference_item_incorrect_ref' data item references the '_category.non_existent' data item for its content type, but the referenced data item is not defined in the dictionary -- the default 'Text' content type will be used.
scripts/ddlm_validate: tests/inputs/ddlm_validate/dic/faulty/ddlm_faulty_type_ref.dic: WARNING, data item '_faulty_type_ref.byreference_item_no_ref' is declared as being of the 'byReference' content type, but the '_type.contents_referenced_id' attribute is not provided in the definition save frame -- the default 'Text' content type will be used.
