scripts/pubmed-xml2mrk: ERROR, <PubmedArticleSet> is not found in file 'tests/cases/pubmed-xml2mrk_005.inp'
Died at <script_name> line <line_no>., <$F> chunk 1.
