tests/scripts/cif_parser_test: tests/cases/cif_parser_test_051.inp(2): ERROR, GLOBAL_ symbol detected -- it is not acceptable in CIF v1.1:
 global_   #this is a valid declaration of global block, which is not allowed
tests/scripts/cif_parser_test: tests/cases/cif_parser_test_051.inp(2,1) data_somedata: ERROR, incorrect CIF syntax:
 global_   #this is a valid declaration of global block, which is not allowed
 ^
tests/scripts/cif_parser_test: tests/cases/cif_parser_test_051.inp(2,1) data_somedata: ERROR, incorrect CIF syntax:
 global_   #this is a valid declaration of global block, which is not allowed
 ^
