tests/scripts/cif_parser_test: tests/cases/cif_parser_test_115.inp(10) data_4025758-broken-loop: WARNING, single-quoted string is missing a closing quote -- fixed.
