-e: -(15) data_line_number: ERROR, tag _dublicate appears more than once.
