$VAR1 = [
          {
            'cifversion' => {
                              'major' => 2,
                              'minor' => 0
                            },
            'inloop' => {},
            'loops' => [],
            'name' => 'precisions',
            'precisions' => {
                              '_array_of_float_no_su' => [
                                                           [
                                                             undef,
                                                             undef,
                                                             undef,
                                                             undef,
                                                             undef,
                                                             undef,
                                                             undef,
                                                             undef,
                                                             undef
                                                           ]
                                                         ],
                              '_array_of_float_with_su' => [
                                                             [
                                                               '0.9',
                                                               '0.8',
                                                               '0.7',
                                                               '0.6',
                                                               '0.5',
                                                               '0.4'
                                                             ]
                                                           ],
                              '_array_of_int_no_su' => [
                                                         [
                                                           undef,
                                                           undef,
                                                           undef,
                                                           undef,
                                                           undef,
                                                           undef
                                                         ]
                                                       ],
                              '_array_of_int_with_su' => [
                                                           [
                                                             '1',
                                                             '2',
                                                             '3',
                                                             '4',
                                                             '5',
                                                             '6'
                                                           ]
                                                         ],
                              '_array_of_mixed_no_su' => [
                                                           [
                                                             undef,
                                                             undef,
                                                             undef,
                                                             undef,
                                                             undef,
                                                             undef,
                                                             undef,
                                                             undef,
                                                             undef,
                                                             undef
                                                           ]
                                                         ],
                              '_array_of_mixed_with_su' => [
                                                             [
                                                               undef,
                                                               undef,
                                                               undef,
                                                               undef,
                                                               undef,
                                                               '5',
                                                               undef,
                                                               '8',
                                                               undef,
                                                               undef
                                                             ]
                                                           ],
                              '_hash_of_float_no_su' => [
                                                          {
                                                            'v1' => undef,
                                                            'v2' => undef
                                                          }
                                                        ],
                              '_hash_of_float_with_su' => [
                                                            {
                                                              'v1' => '0.2',
                                                              'v2' => '0.3'
                                                            }
                                                          ],
                              '_hash_of_int_no_su' => [
                                                        {
                                                          'v1' => undef,
                                                          'v2' => undef
                                                        }
                                                      ],
                              '_hash_of_int_with_su' => [
                                                          {
                                                            'v1' => '1',
                                                            'v2' => '1'
                                                          }
                                                        ],
                              '_hash_of_mixed_no_su' => [
                                                          {
                                                            'v2' => undef
                                                          }
                                                        ],
                              '_hash_of_mixed_with_su' => [
                                                            {
                                                              'v2' => '0.3'
                                                            }
                                                          ]
                            },
            'save_blocks' => [],
            'tags' => [
                        '_hash_of_text',
                        '_hash_of_int_no_su',
                        '_hash_of_int_with_su',
                        '_hash_of_float_no_su',
                        '_hash_of_float_with_su',
                        '_hash_of_mixed_no_su',
                        '_hash_of_mixed_with_su',
                        '_array_of_text',
                        '_array_of_int_no_su',
                        '_array_of_int_with_su',
                        '_array_of_float_no_su',
                        '_array_of_float_with_su',
                        '_array_of_mixed_no_su',
                        '_array_of_mixed_with_su'
                      ],
            'types' => {
                         '_array_of_float_no_su' => [
                                                      [
                                                        'FLOAT',
                                                        'FLOAT',
                                                        'FLOAT',
                                                        'FLOAT',
                                                        'FLOAT',
                                                        'FLOAT',
                                                        'FLOAT',
                                                        'FLOAT',
                                                        'FLOAT'
                                                      ]
                                                    ],
                         '_array_of_float_with_su' => [
                                                        [
                                                          'FLOAT',
                                                          'FLOAT',
                                                          'FLOAT',
                                                          'FLOAT',
                                                          'FLOAT',
                                                          'FLOAT'
                                                        ]
                                                      ],
                         '_array_of_int_no_su' => [
                                                    [
                                                      'INT',
                                                      'INT',
                                                      'INT',
                                                      'INT',
                                                      'INT',
                                                      'INT'
                                                    ]
                                                  ],
                         '_array_of_int_with_su' => [
                                                      [
                                                        'INT',
                                                        'INT',
                                                        'INT',
                                                        'INT',
                                                        'INT',
                                                        'INT'
                                                      ]
                                                    ],
                         '_array_of_mixed_no_su' => [
                                                      [
                                                        'UQSTRING',
                                                        'INT',
                                                        'UQSTRING',
                                                        'INT',
                                                        'UQSTRING',
                                                        'INT',
                                                        'UQSTRING',
                                                        'INT',
                                                        'UQSTRING',
                                                        'INT'
                                                      ]
                                                    ],
                         '_array_of_mixed_with_su' => [
                                                        [
                                                          'UQSTRING',
                                                          'INT',
                                                          'UQSTRING',
                                                          'INT',
                                                          'UQSTRING',
                                                          'INT',
                                                          'UQSTRING',
                                                          'INT',
                                                          'UQSTRING',
                                                          'INT'
                                                        ]
                                                      ],
                         '_array_of_text' => [
                                               [
                                                 'UQSTRING',
                                                 'UQSTRING',
                                                 'UQSTRING',
                                                 'UQSTRING',
                                                 'UQSTRING',
                                                 'UQSTRING'
                                               ]
                                             ],
                         '_hash_of_float_no_su' => [
                                                     {
                                                       'v1' => 'FLOAT',
                                                       'v2' => 'FLOAT'
                                                     }
                                                   ],
                         '_hash_of_float_with_su' => [
                                                       {
                                                         'v1' => 'FLOAT',
                                                         'v2' => 'FLOAT'
                                                       }
                                                     ],
                         '_hash_of_int_no_su' => [
                                                   {
                                                     'v1' => 'INT',
                                                     'v2' => 'INT'
                                                   }
                                                 ],
                         '_hash_of_int_with_su' => [
                                                     {
                                                       'v1' => 'INT',
                                                       'v2' => 'INT'
                                                     }
                                                   ],
                         '_hash_of_mixed_no_su' => [
                                                     {
                                                       'v1' => 'SQSTRING',
                                                       'v2' => 'FLOAT'
                                                     }
                                                   ],
                         '_hash_of_mixed_with_su' => [
                                                       {
                                                         'v1' => 'SQSTRING',
                                                         'v2' => 'FLOAT'
                                                       }
                                                     ],
                         '_hash_of_text' => [
                                              {
                                                'v1' => 'SQSTRING',
                                                'v2' => 'SQSTRING'
                                              }
                                            ]
                       },
            'values' => {
                          '_array_of_float_no_su' => [
                                                       [
                                                         '10.1',
                                                         '20.2',
                                                         '30.3',
                                                         '40.4',
                                                         '50.5',
                                                         '60.6',
                                                         '70.7',
                                                         '80.8',
                                                         '90.9'
                                                       ]
                                                     ],
                          '_array_of_float_with_su' => [
                                                         [
                                                           '10.1(9)',
                                                           '20.2(8)',
                                                           '30.3(7)',
                                                           '40.4(6)',
                                                           '50.5(5)',
                                                           '60.6(4)'
                                                         ]
                                                       ],
                          '_array_of_int_no_su' => [
                                                     [
                                                       '10',
                                                       '20',
                                                       '30',
                                                       '40',
                                                       '50',
                                                       '60'
                                                     ]
                                                   ],
                          '_array_of_int_with_su' => [
                                                       [
                                                         '10(1)',
                                                         '20(2)',
                                                         '30(3)',
                                                         '40(4)',
                                                         '50(5)',
                                                         '60(6)'
                                                       ]
                                                     ],
                          '_array_of_mixed_no_su' => [
                                                       [
                                                         'a',
                                                         '10',
                                                         'b',
                                                         '20',
                                                         'c',
                                                         '30',
                                                         'd',
                                                         '40',
                                                         'e',
                                                         '50'
                                                       ]
                                                     ],
                          '_array_of_mixed_with_su' => [
                                                         [
                                                           'a',
                                                           '10',
                                                           'b',
                                                           '20',
                                                           'c',
                                                           '30(5)',
                                                           'd',
                                                           '40(8)',
                                                           'e',
                                                           '5'
                                                         ]
                                                       ],
                          '_array_of_text' => [
                                                [
                                                  'a',
                                                  'b',
                                                  'c',
                                                  'd',
                                                  'e',
                                                  'f'
                                                ]
                                              ],
                          '_hash_of_float_no_su' => [
                                                      {
                                                        'v1' => '10.1',
                                                        'v2' => '20.2'
                                                      }
                                                    ],
                          '_hash_of_float_with_su' => [
                                                        {
                                                          'v1' => '10.1(2)',
                                                          'v2' => '20.2(3)'
                                                        }
                                                      ],
                          '_hash_of_int_no_su' => [
                                                    {
                                                      'v1' => '10',
                                                      'v2' => '20'
                                                    }
                                                  ],
                          '_hash_of_int_with_su' => [
                                                      {
                                                        'v1' => '10(1)',
                                                        'v2' => '20(1)'
                                                      }
                                                    ],
                          '_hash_of_mixed_no_su' => [
                                                      {
                                                        'v1' => 'a',
                                                        'v2' => '20.2'
                                                      }
                                                    ],
                          '_hash_of_mixed_with_su' => [
                                                        {
                                                          'v1' => 'a',
                                                          'v2' => '20.2(3)'
                                                        }
                                                      ],
                          '_hash_of_text' => [
                                               {
                                                 'v1' => 'a',
                                                 'v2' => 'b'
                                               }
                                             ]
                        }
          }
        ];
