scripts/cif_find_duplicates: ./tests/inputs/sample-history/cod/9005952.cif data_9005952: WARNING, data item '_cell_formula_units_Z' was not found -- the Z value will be estimated.
scripts/cif_find_duplicates: ./tests/inputs/sample-history/cod/9005952.cif data_9005952: WARNING, not enough data to estimate Z; crystal density undefined; molecular weight undefined -- assuming Z = 1.
scripts/cif_find_duplicates: ./tests/inputs/sample-history/cod/9005953.cif data_9005953: WARNING, data item '_cell_formula_units_Z' was not found -- the Z value will be estimated.
scripts/cif_find_duplicates: ./tests/inputs/sample-history/cod/9005953.cif data_9005953: WARNING, not enough data to estimate Z; crystal density undefined; molecular weight undefined -- assuming Z = 1.
scripts/cif_find_duplicates: ./tests/inputs/sample-history/cod/9005954.cif data_9005954: WARNING, data item '_cell_formula_units_Z' was not found -- the Z value will be estimated.
scripts/cif_find_duplicates: ./tests/inputs/sample-history/cod/9005954.cif data_9005954: WARNING, not enough data to estimate Z; crystal density undefined; molecular weight undefined -- assuming Z = 1.
scripts/cif_find_duplicates: ./tests/inputs/sample-history/new/cifdata_7007077.cif data_cifdata_7007077: WARNING, data item '_cell_formula_units_Z' was not found -- the Z value will be estimated.
scripts/cif_find_duplicates: ./tests/inputs/sample-history/new/cifdata_7007077.cif data_cifdata_7007077: WARNING, not enough data to estimate Z; molecular weight undefined -- assuming Z = 1.
scripts/cif_find_duplicates: ./tests/inputs/sample-history/new/cifdata_7007078.cif data_cifdata_7007078: WARNING, data item '_cell_formula_units_Z' was not found -- the Z value will be estimated.
scripts/cif_find_duplicates: ./tests/inputs/sample-history/new/cifdata_7007078.cif data_cifdata_7007078: WARNING, not enough data to estimate Z; molecular weight undefined -- assuming Z = 1.
scripts/cif_find_duplicates: ./tests/inputs/sample-history/new/cifdata_7007079.cif data_cifdata_7007079: WARNING, data item '_cell_formula_units_Z' was not found -- the Z value will be estimated.
scripts/cif_find_duplicates: ./tests/inputs/sample-history/new/cifdata_7007079.cif data_cifdata_7007079: WARNING, not enough data to estimate Z; molecular weight undefined -- assuming Z = 1.
Al2_Ni_O4                               9005952.cif   3 ./tests/inputs/sample-history/new/cifdata_7007077.cif
Al2_Ni_O4                               9005952.cif   3 ./tests/inputs/sample-history/new/cifdata_7007078.cif
Al2_Ni_O4                               9005952.cif   3 ./tests/inputs/sample-history/new/cifdata_7007079.cif
Al2_Ni_O4                               9005953.cif   3 ./tests/inputs/sample-history/new/cifdata_7007077.cif
Al2_Ni_O4                               9005953.cif   3 ./tests/inputs/sample-history/new/cifdata_7007078.cif
Al2_Ni_O4                               9005953.cif   3 ./tests/inputs/sample-history/new/cifdata_7007079.cif
Al2_Ni_O4                               9005954.cif   3 ./tests/inputs/sample-history/new/cifdata_7007077.cif
Al2_Ni_O4                               9005954.cif   3 ./tests/inputs/sample-history/new/cifdata_7007078.cif
Al2_Ni_O4                               9005954.cif   3 ./tests/inputs/sample-history/new/cifdata_7007079.cif
