+ cat ./tmp-cif_tcod_tree_001/main.sh
+ set +x
./tmp-cif_tcod_tree_001
./tmp-cif_tcod_tree_001/0
./tmp-cif_tcod_tree_001/0/.aiida
./tmp-cif_tcod_tree_001/0/.aiida/calcinfo.json
./tmp-cif_tcod_tree_001/0/.aiida/job_tmpl.json
./tmp-cif_tcod_tree_001/0/_aiidasubmit.sh
./tmp-cif_tcod_tree_001/0/_scheduler-stderr.txt
./tmp-cif_tcod_tree_001/0/_scheduler-stdout.txt
./tmp-cif_tcod_tree_001/0/aiida.err
./tmp-cif_tcod_tree_001/0/aiida.in
./tmp-cif_tcod_tree_001/0/aiida.out
./tmp-cif_tcod_tree_001/1
./tmp-cif_tcod_tree_001/1/.aiida
./tmp-cif_tcod_tree_001/1/.aiida/calcinfo.json
./tmp-cif_tcod_tree_001/1/.aiida/job_tmpl.json
./tmp-cif_tcod_tree_001/1/_aiidasubmit.sh
./tmp-cif_tcod_tree_001/1/_scheduler-stderr.txt
./tmp-cif_tcod_tree_001/1/_scheduler-stdout.txt
./tmp-cif_tcod_tree_001/1/aiida.err
./tmp-cif_tcod_tree_001/1/aiida.in
./tmp-cif_tcod_tree_001/1/aiida.out
./tmp-cif_tcod_tree_001/2
./tmp-cif_tcod_tree_001/2/.aiida
./tmp-cif_tcod_tree_001/2/.aiida/calcinfo.json
./tmp-cif_tcod_tree_001/2/.aiida/job_tmpl.json
./tmp-cif_tcod_tree_001/2/_aiidasubmit.sh
./tmp-cif_tcod_tree_001/2/_scheduler-stderr.txt
./tmp-cif_tcod_tree_001/2/_scheduler-stdout.txt
./tmp-cif_tcod_tree_001/2/aiida.err
./tmp-cif_tcod_tree_001/2/aiida.in
./tmp-cif_tcod_tree_001/2/aiida.out
./tmp-cif_tcod_tree_001/2/split
./tmp-cif_tcod_tree_001/2/split/1000000_molecule_0.cif
./tmp-cif_tcod_tree_001/2/split/1000000_molecule_1.cif
./tmp-cif_tcod_tree_001/3
./tmp-cif_tcod_tree_001/3/.aiida
./tmp-cif_tcod_tree_001/3/.aiida/calcinfo.json
./tmp-cif_tcod_tree_001/3/.aiida/job_tmpl.json
./tmp-cif_tcod_tree_001/3/_aiidasubmit.sh
./tmp-cif_tcod_tree_001/3/_scheduler-stderr.txt
./tmp-cif_tcod_tree_001/3/_scheduler-stdout.txt
./tmp-cif_tcod_tree_001/3/aiida.err
./tmp-cif_tcod_tree_001/3/aiida.in
./tmp-cif_tcod_tree_001/3/aiida.out
./tmp-cif_tcod_tree_001/main.sh
#!/bin/bash

(
    cd 0; _aiidasubmit.sh
)
(
    cd 1; _aiidasubmit.sh
)
(
    cd 2; _aiidasubmit.sh
)
(
    cd 3; _aiidasubmit.sh
)
