C16_Cl4_Co1_H16_N4_O1                   2016746.cif   1 ./tests/inputs/journal1/2000332.cif
