{
   "atoms" => [
      #   0:
      {
         "assembly" => ".",
         "atom_site_occupancy" => "1",
         "attached_hydrogens" => "3",
         "cell_label" => "C1",
         "chemical_type" => "C",
         "group" => ".",
         "index" => "0",
         "name" => "C1",
         "site_label" => "C1",
         "symop" => [
            #   0:
            [ "1", "0", "0", "0" ],
            #   1:
            [ "0", "1", "0", "0" ],
            #   2:
            [ "0", "0", "1", "0" ],
            #   3:
            [ "0", "0", "0", "1" ],
         ],
         "symop_id" => "1",
         "translation" => [ "0", "0", "0" ],
         "translation_id" => "555",
         "unity_matrix_applied" => "1",
      },
      #   1:
      {
         "assembly" => ".",
         "atom_site_occupancy" => "1",
         "attached_hydrogens" => "0",
         "cell_label" => "C2",
         "chemical_type" => "C",
         "group" => ".",
         "index" => "1",
         "name" => "C2",
         "site_label" => "C2",
         "symop" => [
            #   0:
            [ "1", "0", "0", "0" ],
            #   1:
            [ "0", "1", "0", "0" ],
            #   2:
            [ "0", "0", "1", "0" ],
            #   3:
            [ "0", "0", "0", "1" ],
         ],
         "symop_id" => "1",
         "translation" => [ "0", "0", "0" ],
         "translation_id" => "555",
         "unity_matrix_applied" => "1",
      },
      #   2:
      {
         "assembly" => ".",
         "atom_site_occupancy" => "1",
         "attached_hydrogens" => "0",
         "cell_label" => "H3",
         "chemical_type" => "H",
         "group" => ".",
         "index" => "2",
         "name" => "H3",
         "site_label" => "H3",
         "symop" => [
            #   0:
            [ "1", "0", "0", "0" ],
            #   1:
            [ "0", "1", "0", "0" ],
            #   2:
            [ "0", "0", "1", "0" ],
            #   3:
            [ "0", "0", "0", "1" ],
         ],
         "symop_id" => "1",
         "translation" => [ "0", "0", "0" ],
         "translation_id" => "555",
         "unity_matrix_applied" => "1",
      },
      #   3:
      {
         "assembly" => ".",
         "atom_site_occupancy" => "1",
         "attached_hydrogens" => "1",
         "cell_label" => "O4",
         "chemical_type" => "O",
         "group" => ".",
         "index" => "3",
         "name" => "O4",
         "site_label" => "O4",
         "symop" => [
            #   0:
            [ "1", "0", "0", "0" ],
            #   1:
            [ "0", "1", "0", "0" ],
            #   2:
            [ "0", "0", "1", "0" ],
            #   3:
            [ "0", "0", "0", "1" ],
         ],
         "symop_id" => "1",
         "translation" => [ "0", "0", "0" ],
         "translation_id" => "555",
         "unity_matrix_applied" => "1",
      },
      #   4:
      {
         "assembly" => ".",
         "atom_site_occupancy" => "1",
         "attached_hydrogens" => "0",
         "cell_label" => "C5",
         "chemical_type" => "C",
         "group" => ".",
         "index" => "4",
         "name" => "C5",
         "site_label" => "C5",
         "symop" => [
            #   0:
            [ "1", "0", "0", "0" ],
            #   1:
            [ "0", "1", "0", "0" ],
            #   2:
            [ "0", "0", "1", "0" ],
            #   3:
            [ "0", "0", "0", "1" ],
         ],
         "symop_id" => "1",
         "translation" => [ "0", "0", "0" ],
         "translation_id" => "555",
         "unity_matrix_applied" => "1",
      },
      #   5:
      {
         "assembly" => ".",
         "atom_site_occupancy" => "1",
         "attached_hydrogens" => "0",
         "cell_label" => "H6",
         "chemical_type" => "H",
         "group" => ".",
         "index" => "5",
         "name" => "H6",
         "site_label" => "H6",
         "symop" => [
            #   0:
            [ "1", "0", "0", "0" ],
            #   1:
            [ "0", "1", "0", "0" ],
            #   2:
            [ "0", "0", "1", "0" ],
            #   3:
            [ "0", "0", "0", "1" ],
         ],
         "symop_id" => "1",
         "translation" => [ "0", "0", "0" ],
         "translation_id" => "555",
         "unity_matrix_applied" => "1",
      },
      #   6:
      {
         "assembly" => ".",
         "atom_site_occupancy" => "1",
         "attached_hydrogens" => "0",
         "cell_label" => "C7",
         "chemical_type" => "C",
         "group" => ".",
         "index" => "6",
         "name" => "C7",
         "planarity" => "0",
         "site_label" => "C7",
         "symop" => [
            #   0:
            [ "1", "0", "0", "0" ],
            #   1:
            [ "0", "1", "0", "0" ],
            #   2:
            [ "0", "0", "1", "0" ],
            #   3:
            [ "0", "0", "0", "1" ],
         ],
         "symop_id" => "1",
         "translation" => [ "0", "0", "0" ],
         "translation_id" => "555",
         "unity_matrix_applied" => "1",
      },
      #   7:
      {
         "assembly" => ".",
         "atom_site_occupancy" => "1",
         "attached_hydrogens" => "1",
         "cell_label" => "C8",
         "chemical_type" => "C",
         "group" => ".",
         "index" => "7",
         "name" => "C8",
         "planarity" => "0",
         "site_label" => "C8",
         "symop" => [
            #   0:
            [ "1", "0", "0", "0" ],
            #   1:
            [ "0", "1", "0", "0" ],
            #   2:
            [ "0", "0", "1", "0" ],
            #   3:
            [ "0", "0", "0", "1" ],
         ],
         "symop_id" => "1",
         "translation" => [ "0", "0", "0" ],
         "translation_id" => "555",
         "unity_matrix_applied" => "1",
      },
      #   8:
      {
         "assembly" => ".",
         "atom_site_occupancy" => "1",
         "attached_hydrogens" => "1",
         "cell_label" => "C9",
         "chemical_type" => "C",
         "group" => ".",
         "index" => "8",
         "name" => "C9",
         "planarity" => "0",
         "site_label" => "C9",
         "symop" => [
            #   0:
            [ "1", "0", "0", "0" ],
            #   1:
            [ "0", "1", "0", "0" ],
            #   2:
            [ "0", "0", "1", "0" ],
            #   3:
            [ "0", "0", "0", "1" ],
         ],
         "symop_id" => "1",
         "translation" => [ "0", "0", "0" ],
         "translation_id" => "555",
         "unity_matrix_applied" => "1",
      },
      #   9:
      {
         "assembly" => ".",
         "atom_site_occupancy" => "1",
         "attached_hydrogens" => "1",
         "cell_label" => "C10",
         "chemical_type" => "C",
         "group" => ".",
         "index" => "9",
         "name" => "C10",
         "planarity" => "0",
         "site_label" => "C10",
         "symop" => [
            #   0:
            [ "1", "0", "0", "0" ],
            #   1:
            [ "0", "1", "0", "0" ],
            #   2:
            [ "0", "0", "1", "0" ],
            #   3:
            [ "0", "0", "0", "1" ],
         ],
         "symop_id" => "1",
         "translation" => [ "0", "0", "0" ],
         "translation_id" => "555",
         "unity_matrix_applied" => "1",
      },
      #  10:
      {
         "assembly" => ".",
         "atom_site_occupancy" => "1",
         "attached_hydrogens" => "1",
         "cell_label" => "C11",
         "chemical_type" => "C",
         "group" => ".",
         "index" => "10",
         "name" => "C11",
         "planarity" => "0",
         "site_label" => "C11",
         "symop" => [
            #   0:
            [ "1", "0", "0", "0" ],
            #   1:
            [ "0", "1", "0", "0" ],
            #   2:
            [ "0", "0", "1", "0" ],
            #   3:
            [ "0", "0", "0", "1" ],
         ],
         "symop_id" => "1",
         "translation" => [ "0", "0", "0" ],
         "translation_id" => "555",
         "unity_matrix_applied" => "1",
      },
      #  11:
      {
         "assembly" => ".",
         "atom_site_occupancy" => "1",
         "attached_hydrogens" => "1",
         "cell_label" => "C12",
         "chemical_type" => "C",
         "group" => ".",
         "index" => "11",
         "name" => "C12",
         "planarity" => "0",
         "site_label" => "C12",
         "symop" => [
            #   0:
            [ "1", "0", "0", "0" ],
            #   1:
            [ "0", "1", "0", "0" ],
            #   2:
            [ "0", "0", "1", "0" ],
            #   3:
            [ "0", "0", "0", "1" ],
         ],
         "symop_id" => "1",
         "translation" => [ "0", "0", "0" ],
         "translation_id" => "555",
         "unity_matrix_applied" => "1",
      },
      #  12:
      {
         "assembly" => ".",
         "atom_site_occupancy" => "1",
         "attached_hydrogens" => "0",
         "cell_label" => "C13",
         "chemical_type" => "C",
         "group" => ".",
         "index" => "12",
         "name" => "C13",
         "site_label" => "C13",
         "symop" => [
            #   0:
            [ "1", "0", "0", "0" ],
            #   1:
            [ "0", "1", "0", "0" ],
            #   2:
            [ "0", "0", "1", "0" ],
            #   3:
            [ "0", "0", "0", "1" ],
         ],
         "symop_id" => "1",
         "translation" => [ "0", "0", "0" ],
         "translation_id" => "555",
         "unity_matrix_applied" => "1",
      },
      #  13:
      {
         "assembly" => ".",
         "atom_site_occupancy" => "1",
         "attached_hydrogens" => "0",
         "cell_label" => "H14",
         "chemical_type" => "H",
         "group" => ".",
         "index" => "13",
         "name" => "H14",
         "site_label" => "H14",
         "symop" => [
            #   0:
            [ "1", "0", "0", "0" ],
            #   1:
            [ "0", "1", "0", "0" ],
            #   2:
            [ "0", "0", "1", "0" ],
            #   3:
            [ "0", "0", "0", "1" ],
         ],
         "symop_id" => "1",
         "translation" => [ "0", "0", "0" ],
         "translation_id" => "555",
         "unity_matrix_applied" => "1",
      },
      #  14:
      {
         "assembly" => ".",
         "atom_site_occupancy" => "1",
         "attached_hydrogens" => "3",
         "cell_label" => "C15",
         "chemical_type" => "C",
         "group" => ".",
         "index" => "14",
         "name" => "C15",
         "site_label" => "C15",
         "symop" => [
            #   0:
            [ "1", "0", "0", "0" ],
            #   1:
            [ "0", "1", "0", "0" ],
            #   2:
            [ "0", "0", "1", "0" ],
            #   3:
            [ "0", "0", "0", "1" ],
         ],
         "symop_id" => "1",
         "translation" => [ "0", "0", "0" ],
         "translation_id" => "555",
         "unity_matrix_applied" => "1",
      },
      #  15:
      {
         "assembly" => ".",
         "atom_site_occupancy" => "1",
         "attached_hydrogens" => "0",
         "cell_label" => "C16",
         "chemical_type" => "C",
         "group" => ".",
         "index" => "15",
         "name" => "C16",
         "planarity" => "0",
         "site_label" => "C16",
         "symop" => [
            #   0:
            [ "1", "0", "0", "0" ],
            #   1:
            [ "0", "1", "0", "0" ],
            #   2:
            [ "0", "0", "1", "0" ],
            #   3:
            [ "0", "0", "0", "1" ],
         ],
         "symop_id" => "1",
         "translation" => [ "0", "0", "0" ],
         "translation_id" => "555",
         "unity_matrix_applied" => "1",
      },
      #  16:
      {
         "assembly" => ".",
         "atom_site_occupancy" => "1",
         "attached_hydrogens" => "1",
         "cell_label" => "C17",
         "chemical_type" => "C",
         "group" => ".",
         "index" => "16",
         "name" => "C17",
         "planarity" => "0",
         "site_label" => "C17",
         "symop" => [
            #   0:
            [ "1", "0", "0", "0" ],
            #   1:
            [ "0", "1", "0", "0" ],
            #   2:
            [ "0", "0", "1", "0" ],
            #   3:
            [ "0", "0", "0", "1" ],
         ],
         "symop_id" => "1",
         "translation" => [ "0", "0", "0" ],
         "translation_id" => "555",
         "unity_matrix_applied" => "1",
      },
      #  17:
      {
         "assembly" => ".",
         "atom_site_occupancy" => "1",
         "attached_hydrogens" => "1",
         "cell_label" => "C18",
         "chemical_type" => "C",
         "group" => ".",
         "index" => "17",
         "name" => "C18",
         "planarity" => "0",
         "site_label" => "C18",
         "symop" => [
            #   0:
            [ "1", "0", "0", "0" ],
            #   1:
            [ "0", "1", "0", "0" ],
            #   2:
            [ "0", "0", "1", "0" ],
            #   3:
            [ "0", "0", "0", "1" ],
         ],
         "symop_id" => "1",
         "translation" => [ "0", "0", "0" ],
         "translation_id" => "555",
         "unity_matrix_applied" => "1",
      },
      #  18:
      {
         "assembly" => ".",
         "atom_site_occupancy" => "1",
         "attached_hydrogens" => "1",
         "cell_label" => "C19",
         "chemical_type" => "C",
         "group" => ".",
         "index" => "18",
         "name" => "C19",
         "planarity" => "0",
         "site_label" => "C19",
         "symop" => [
            #   0:
            [ "1", "0", "0", "0" ],
            #   1:
            [ "0", "1", "0", "0" ],
            #   2:
            [ "0", "0", "1", "0" ],
            #   3:
            [ "0", "0", "0", "1" ],
         ],
         "symop_id" => "1",
         "translation" => [ "0", "0", "0" ],
         "translation_id" => "555",
         "unity_matrix_applied" => "1",
      },
      #  19:
      {
         "assembly" => ".",
         "atom_site_occupancy" => "1",
         "attached_hydrogens" => "1",
         "cell_label" => "C20",
         "chemical_type" => "C",
         "group" => ".",
         "index" => "19",
         "name" => "C20",
         "planarity" => "0",
         "site_label" => "C20",
         "symop" => [
            #   0:
            [ "1", "0", "0", "0" ],
            #   1:
            [ "0", "1", "0", "0" ],
            #   2:
            [ "0", "0", "1", "0" ],
            #   3:
            [ "0", "0", "0", "1" ],
         ],
         "symop_id" => "1",
         "translation" => [ "0", "0", "0" ],
         "translation_id" => "555",
         "unity_matrix_applied" => "1",
      },
      #  20:
      {
         "assembly" => ".",
         "atom_site_occupancy" => "1",
         "attached_hydrogens" => "1",
         "cell_label" => "C21",
         "chemical_type" => "C",
         "group" => ".",
         "index" => "20",
         "name" => "C21",
         "planarity" => "0",
         "site_label" => "C21",
         "symop" => [
            #   0:
            [ "1", "0", "0", "0" ],
            #   1:
            [ "0", "1", "0", "0" ],
            #   2:
            [ "0", "0", "1", "0" ],
            #   3:
            [ "0", "0", "0", "1" ],
         ],
         "symop_id" => "1",
         "translation" => [ "0", "0", "0" ],
         "translation_id" => "555",
         "unity_matrix_applied" => "1",
      },
   ],
   "neighbours" => [
      #   0:
      [ "1" ],
      #   1:
      [ "0", "2", "3", "4" ],
      #   2:
      [ "1" ],
      #   3:
      [ "1" ],
      #   4:
      [ "1", "5", "6", "12" ],
      #   5:
      [ "4" ],
      #   6:
      [ "4", "7", "11" ],
      #   7:
      [ "6", "8" ],
      #   8:
      [ "7", "9" ],
      #   9:
      [ "8", "10" ],
      #  10:
      [ "9", "11" ],
      #  11:
      [ "10", "6" ],
      #  12:
      [ "4", "13", "14", "15" ],
      #  13:
      [ "12" ],
      #  14:
      [ "12" ],
      #  15:
      [ "12", "16", "20" ],
      #  16:
      [ "15", "17" ],
      #  17:
      [ "16", "18" ],
      #  18:
      [ "17", "19" ],
      #  19:
      [ "18", "20" ],
      #  20:
      [ "19", "15" ],
   ],
},
#-------------------------
