{
   "atoms" => [
      #   0:
      {
         "assembly" => ".",
         "atom_site_occupancy" => "1",
         "attached_hydrogens" => "2",
         "cell_label" => "C31",
         "chemical_type" => "C3",
         "group" => ".",
         "index" => "0",
         "name" => "C31",
         "site_label" => "C31",
         "symop" => [
            #   0:
            [ "1", "0", "0", "0" ],
            #   1:
            [ "0", "1", "0", "0" ],
            #   2:
            [ "0", "0", "1", "0" ],
            #   3:
            [ "0", "0", "0", "1" ],
         ],
         "symop_id" => "1",
         "translation" => [ "0", "0", "0" ],
         "translation_id" => "555",
         "unity_matrix_applied" => "1",
      },
      #   1:
      {
         "assembly" => ".",
         "atom_site_occupancy" => "1",
         "attached_hydrogens" => "2",
         "cell_label" => "C32",
         "chemical_type" => "C3",
         "group" => ".",
         "index" => "1",
         "name" => "C32",
         "site_label" => "C32",
         "symop" => [
            #   0:
            [ "1", "0", "0", "0" ],
            #   1:
            [ "0", "1", "0", "0" ],
            #   2:
            [ "0", "0", "1", "0" ],
            #   3:
            [ "0", "0", "0", "1" ],
         ],
         "symop_id" => "1",
         "translation" => [ "0", "0", "0" ],
         "translation_id" => "555",
         "unity_matrix_applied" => "1",
      },
      #   2:
      {
         "assembly" => ".",
         "atom_site_occupancy" => "1",
         "attached_hydrogens" => "0",
         "cell_label" => "Cac3",
         "chemical_type" => "Cac",
         "group" => ".",
         "index" => "2",
         "name" => "Cac3",
         "site_label" => "Cac3",
         "symop" => [
            #   0:
            [ "1", "0", "0", "0" ],
            #   1:
            [ "0", "1", "0", "0" ],
            #   2:
            [ "0", "0", "1", "0" ],
            #   3:
            [ "0", "0", "0", "1" ],
         ],
         "symop_id" => "1",
         "translation" => [ "0", "0", "0" ],
         "translation_id" => "555",
         "unity_matrix_applied" => "1",
      },
      #   3:
      {
         "assembly" => ".",
         "atom_site_occupancy" => "1",
         "attached_hydrogens" => "0",
         "cell_label" => "O.co24",
         "chemical_type" => "O.co2",
         "group" => ".",
         "index" => "3",
         "name" => "O.co24",
         "site_label" => "O.co24",
         "symop" => [
            #   0:
            [ "1", "0", "0", "0" ],
            #   1:
            [ "0", "1", "0", "0" ],
            #   2:
            [ "0", "0", "1", "0" ],
            #   3:
            [ "0", "0", "0", "1" ],
         ],
         "symop_id" => "1",
         "translation" => [ "0", "0", "0" ],
         "translation_id" => "555",
         "unity_matrix_applied" => "1",
      },
      #   4:
      {
         "assembly" => ".",
         "atom_site_occupancy" => "1",
         "attached_hydrogens" => "0",
         "cell_label" => "O.co25",
         "chemical_type" => "O.co2",
         "group" => ".",
         "index" => "4",
         "name" => "O.co25",
         "site_label" => "O.co25",
         "symop" => [
            #   0:
            [ "1", "0", "0", "0" ],
            #   1:
            [ "0", "1", "0", "0" ],
            #   2:
            [ "0", "0", "1", "0" ],
            #   3:
            [ "0", "0", "0", "1" ],
         ],
         "symop_id" => "1",
         "translation" => [ "0", "0", "0" ],
         "translation_id" => "555",
         "unity_matrix_applied" => "1",
      },
   ],
   "neighbours" => [
      #   0:
      [ "1", "2" ],
      #   1:
      [ "0", "2" ],
      #   2:
      [ "1", "0", "3", "4" ],
      #   3:
      [ "2" ],
      #   4:
      [ "2" ],
   ],
},
#-------------------------
