tests/scripts/cif_parser_test: tests/cases/cif_parser_test_032.inp(4): ERROR, stray CIF values at the beginning of the input file.
